<html>
<body>
<pre>
<h1>µVision Build Log</h1>
<h2>Project:</h2>
F:\stm32f429\24-STM32F429_USB_VCP\MDK-ARM\project.uvproj
Project File Date:  08/15/2014

<h2>Output:</h2>
Build target 'STM32F407 VG'
compiling main.c...
linking...
Program Size: Code=9052 RO-data=560 RW-data=444 ZI-data=5044  
FromELF: creating hex file...
".\project.axf" - 0 Error(s), 0 Warning(s).
Load "F:\\stm32f429\\24-STM32F429_USB_VCP\\MDK-ARM\\project.axf" 
Erase Done.
Programming Done.
Verify OK.
Application running ...
Clean started: Project: 'project'
   deleting intermediate output files for target 'STM32F407 VG'
   deleting intermediate output files for target 'STM32F429 ZG'
   deleting intermediate output files for target 'STM32F401 RE'
rror(s), 0 Warning(s).
Load "F:\\stm32f429\\24-STM32F429_USB_VCP\\MDK-ARM\\project.axf" 
Erase Done.
Programming Done.
Verify OK.
Application running ...
