Product: MDK-ARM Lite 5.10
Component: ARM Compiler 5.04 update 1 (build 49)
Tool: armlink [5040049]

==============================================================================

Section Cross References

    system_stm32f4xx.o(i.SystemCoreClockUpdate) refers to system_stm32f4xx.o(.data) for .data
    system_stm32f4xx.o(i.SystemInit) refers to system_stm32f4xx.o(i.SetSysClock) for SetSysClock
    stm32f4xx_rcc.o(i.RCC_GetClocksFreq) refers to stm32f4xx_rcc.o(.data) for .data
    stm32f4xx_rcc.o(i.RCC_WaitForHSEStartUp) refers to stm32f4xx_rcc.o(i.RCC_GetFlagStatus) for RCC_GetFlagStatus
    stm32f4xx_gpio.o(i.GPIO_DeInit) refers to stm32f4xx_rcc.o(i.RCC_AHB1PeriphResetCmd) for RCC_AHB1PeriphResetCmd
    stm32f4xx_usart.o(i.USART_DeInit) refers to stm32f4xx_rcc.o(i.RCC_APB2PeriphResetCmd) for RCC_APB2PeriphResetCmd
    stm32f4xx_usart.o(i.USART_DeInit) refers to stm32f4xx_rcc.o(i.RCC_APB1PeriphResetCmd) for RCC_APB1PeriphResetCmd
    stm32f4xx_usart.o(i.USART_Init) refers to stm32f4xx_rcc.o(i.RCC_GetClocksFreq) for RCC_GetClocksFreq
    stm32f4xx_spi.o(i.SPI_I2S_DeInit) refers to stm32f4xx_rcc.o(i.RCC_APB1PeriphResetCmd) for RCC_APB1PeriphResetCmd
    stm32f4xx_spi.o(i.SPI_I2S_DeInit) refers to stm32f4xx_rcc.o(i.RCC_APB2PeriphResetCmd) for RCC_APB2PeriphResetCmd
    stm32f4xx_adc.o(i.ADC_DeInit) refers to stm32f4xx_rcc.o(i.RCC_APB2PeriphResetCmd) for RCC_APB2PeriphResetCmd
    stm32f4xx_i2c.o(i.I2C_DeInit) refers to stm32f4xx_rcc.o(i.RCC_APB1PeriphResetCmd) for RCC_APB1PeriphResetCmd
    stm32f4xx_i2c.o(i.I2C_Init) refers to stm32f4xx_rcc.o(i.RCC_GetClocksFreq) for RCC_GetClocksFreq
    tm_stm32f4_stmpe811.o(i.TM_STMPE811_Init) refers to tm_stm32f4_delay.o(i.TM_DELAY_Init) for TM_DELAY_Init
    tm_stm32f4_stmpe811.o(i.TM_STMPE811_Init) refers to tm_stm32f4_i2c.o(i.TM_I2C_Init) for TM_I2C_Init
    tm_stm32f4_stmpe811.o(i.TM_STMPE811_Init) refers to tm_stm32f4_stmpe811.o(i.TM_STMPE811_Read) for TM_STMPE811_Read
    tm_stm32f4_stmpe811.o(i.TM_STMPE811_Init) refers to tm_stm32f4_i2c.o(i.TM_I2C_Write) for TM_I2C_Write
    tm_stm32f4_stmpe811.o(i.TM_STMPE811_Init) refers to tm_stm32f4_delay.o(i.Delayms) for Delayms
    tm_stm32f4_stmpe811.o(i.TM_STMPE811_Read) refers to tm_stm32f4_i2c.o(i.TM_I2C_Read) for TM_I2C_Read
    tm_stm32f4_stmpe811.o(i.TM_STMPE811_ReadTouch) refers to tm_stm32f4_stmpe811.o(i.TM_STMPE811_Read) for TM_STMPE811_Read
    tm_stm32f4_stmpe811.o(i.TM_STMPE811_ReadTouch) refers to tm_stm32f4_delay.o(i.Delayms) for Delayms
    tm_stm32f4_stmpe811.o(i.TM_STMPE811_ReadTouch) refers to tm_stm32f4_stmpe811.o(i.TM_STMPE811_ReadX) for TM_STMPE811_ReadX
    tm_stm32f4_stmpe811.o(i.TM_STMPE811_ReadTouch) refers to tm_stm32f4_stmpe811.o(i.TM_STMPE811_ReadY) for TM_STMPE811_ReadY
    tm_stm32f4_stmpe811.o(i.TM_STMPE811_ReadTouch) refers to tm_stm32f4_i2c.o(i.TM_I2C_Write) for TM_I2C_Write
    tm_stm32f4_stmpe811.o(i.TM_STMPE811_ReadX) refers to tm_stm32f4_stmpe811.o(i.TM_STMPE811_Read) for TM_STMPE811_Read
    tm_stm32f4_stmpe811.o(i.TM_STMPE811_ReadY) refers to tm_stm32f4_stmpe811.o(i.TM_STMPE811_Read) for TM_STMPE811_Read
    tm_stm32f4_delay.o(i.Delay) refers to tm_stm32f4_delay.o(.data) for .data
    tm_stm32f4_delay.o(i.Delayms) refers to tm_stm32f4_delay.o(.data) for .data
    tm_stm32f4_delay.o(i.TM_DELAY_EnableSystick) refers to tm_stm32f4_delay.o(.data) for .data
    tm_stm32f4_delay.o(i.TM_DELAY_Init) refers to stm32f4xx_rcc.o(i.RCC_HSEConfig) for RCC_HSEConfig
    tm_stm32f4_delay.o(i.TM_DELAY_Init) refers to stm32f4xx_rcc.o(i.RCC_WaitForHSEStartUp) for RCC_WaitForHSEStartUp
    tm_stm32f4_delay.o(i.TM_DELAY_Init) refers to tm_stm32f4_delay.o(.data) for .data
    tm_stm32f4_delay.o(i.TM_DELAY_Init) refers to system_stm32f4xx.o(.data) for SystemCoreClock
    tm_stm32f4_delay.o(i.TM_DELAY_SetTime) refers to tm_stm32f4_delay.o(.data) for .data
    tm_stm32f4_delay.o(i.TM_DELAY_SetTime2) refers to tm_stm32f4_delay.o(.data) for .data
    tm_stm32f4_delay.o(i.TM_DELAY_Time) refers to tm_stm32f4_delay.o(.data) for .data
    tm_stm32f4_delay.o(i.TM_DELAY_Time2) refers to tm_stm32f4_delay.o(.data) for .data
    tm_stm32f4_delay.o(i.TimingDelay_Decrement) refers to tm_stm32f4_delay.o(.data) for .data
    tm_stm32f4_usb_vcp.o(i.TM_INT_USB_VCP_AddReceived) refers to tm_stm32f4_usb_vcp.o(.data) for .data
    tm_stm32f4_usb_vcp.o(i.TM_INT_USB_VCP_AddReceived) refers to tm_stm32f4_usb_vcp.o(.bss) for .bss
    tm_stm32f4_usb_vcp.o(i.TM_USB_VCP_GetStatus) refers to usbd_usr.o(i.USBD_User_GetStatus) for USBD_User_GetStatus
    tm_stm32f4_usb_vcp.o(i.TM_USB_VCP_Getc) refers to tm_stm32f4_usb_vcp.o(.data) for .data
    tm_stm32f4_usb_vcp.o(i.TM_USB_VCP_Getc) refers to tm_stm32f4_usb_vcp.o(.bss) for .bss
    tm_stm32f4_usb_vcp.o(i.TM_USB_VCP_Gets) refers to tm_stm32f4_usb_vcp.o(i.TM_USB_VCP_Getc) for TM_USB_VCP_Getc
    tm_stm32f4_usb_vcp.o(i.TM_USB_VCP_Init) refers to usbd_core.o(i.USBD_Init) for USBD_Init
[...]
    i.TM_ILI9341_InitLCD                     0x08001bd8   Section        0  tm_stm32f4_ili9341.o(i.TM_ILI9341_InitLCD)
    i.TM_ILI9341_Putc                        0x08001e34   Section        0  tm_stm32f4_ili9341.o(i.TM_ILI9341_Putc)
    i.TM_ILI9341_Puts                        0x08001eb4   Section        0  tm_stm32f4_ili9341.o(i.TM_ILI9341_Puts)
    i.TM_ILI9341_Rotate                      0x08001f10   Section        0  tm_stm32f4_ili9341.o(i.TM_ILI9341_Rotate)
    i.TM_ILI9341_SendCommand                 0x08001f60   Section        0  tm_stm32f4_ili9341.o(i.TM_ILI9341_SendCommand)
    i.TM_ILI9341_SendData                    0x08001f98   Section        0  tm_stm32f4_ili9341.o(i.TM_ILI9341_SendData)
    i.TM_ILI9341_SetCursorPosition           0x08001fd0   Section        0  tm_stm32f4_ili9341.o(i.TM_ILI9341_SetCursorPosition)
    i.TM_INT_USB_VCP_AddReceived             0x0800201c   Section        0  tm_stm32f4_usb_vcp.o(i.TM_INT_USB_VCP_AddReceived)
    i.TM_SPI1_Init                           0x0800204c   Section        0  tm_stm32f4_spi.o(i.TM_SPI1_Init)
    i.TM_SPI2_Init                           0x0800212c   Section        0  tm_stm32f4_spi.o(i.TM_SPI2_Init)
    i.TM_SPI3_Init                           0x08002220   Section        0  tm_stm32f4_spi.o(i.TM_SPI3_Init)
    i.TM_SPI4_Init                           0x08002300   Section        0  tm_stm32f4_spi.o(i.TM_SPI4_Init)
    i.TM_SPI5_Init                           0x080023d8   Section        0  tm_stm32f4_spi.o(i.TM_SPI5_Init)
    i.TM_SPI6_Init                           0x080024c8   Section        0  tm_stm32f4_spi.o(i.TM_SPI6_Init)
    i.TM_SPI_Init                            0x0800256c   Section        0  tm_stm32f4_spi.o(i.TM_SPI_Init)
    i.TM_SPI_Send                            0x080025e8   Section        0  tm_stm32f4_spi.o(i.TM_SPI_Send)
    i.TM_STMPE811_Init                       0x08002618   Section        0  tm_stm32f4_stmpe811.o(i.TM_STMPE811_Init)
    i.TM_STMPE811_Read                       0x08002710   Section        0  tm_stm32f4_stmpe811.o(i.TM_STMPE811_Read)
    i.TM_STMPE811_ReadTouch                  0x08002720   Section        0  tm_stm32f4_stmpe811.o(i.TM_STMPE811_ReadTouch)
    i.TM_STMPE811_ReadX                      0x08002800   Section        0  tm_stm32f4_stmpe811.o(i.TM_STMPE811_ReadX)
    i.TM_STMPE811_ReadY                      0x0800285e   Section        0  tm_stm32f4_stmpe811.o(i.TM_STMPE811_ReadY)
    i.TM_USB_VCP_Init                        0x080028b0   Section        0  tm_stm32f4_usb_vcp.o(i.TM_USB_VCP_Init)
    i.TM_USB_VCP_Putc                        0x080028e4   Section        0  tm_stm32f4_usb_vcp.o(i.TM_USB_VCP_Putc)
    i.TimingDelay_Decrement                  0x080028fc   Section        0  tm_stm32f4_delay.o(i.TimingDelay_Decrement)
    i.USBD_ClrCfg                            0x08002920   Section        0  usbd_core.o(i.USBD_ClrCfg)
    i.USBD_CtlContinueRx                     0x0800292e   Section        0  usbd_ioreq.o(i.USBD_CtlContinueRx)
    i.USBD_CtlContinueSendData               0x08002940   Section        0  usbd_ioreq.o(i.USBD_CtlContinueSendData)
    i.USBD_CtlError                          0x08002952   Section        0  usbd_req.o(i.USBD_CtlError)
    i.USBD_CtlPrepareRx                      0x0800296e   Section        0  usbd_ioreq.o(i.USBD_CtlPrepareRx)
    i.USBD_CtlReceiveStatus                  0x0800298e   Section        0  usbd_ioreq.o(i.USBD_CtlReceiveStatus)
    i.USBD_CtlSendData                       0x080029b0   Section        0  usbd_ioreq.o(i.USBD_CtlSendData)
    i.USBD_CtlSendStatus                     0x080029d0   Section        0  usbd_ioreq.o(i.USBD_CtlSendStatus)
    i.USBD_DataInStage                       0x080029f4   Section        0  usbd_core.o(i.USBD_DataInStage)
    USBD_DataInStage                         0x080029f5   Thumb Code   172  usbd_core.o(i.USBD_DataInStage)
    i.USBD_DataOutStage                      0x08002aa4   Section        0  usbd_core.o(i.USBD_DataOutStage)
    USBD_DataOutStage                        0x08002aa5   Thumb Code   120  usbd_core.o(i.USBD_DataOutStage)
    i.USBD_GetDescriptor                     0x08002b1c   Section        0  usbd_req.o(i.USBD_GetDescriptor)
    USBD_GetDescriptor                       0x08002b1d   Thumb Code   288  usbd_req.o(i.USBD_GetDescriptor)
    i.USBD_GetString                         0x08002c40   Section        0  usbd_req.o(i.USBD_GetString)
    i.USBD_Init                              0x08002c86   Section        0  usbd_core.o(i.USBD_Init)
    i.USBD_IsoINIncomplete                   0x08002cba   Section        0  usbd_core.o(i.USBD_IsoINIncomplete)
    USBD_IsoINIncomplete                     0x08002cbb   Thumb Code    14  usbd_core.o(i.USBD_IsoINIncomplete)
    i.USBD_IsoOUTIncomplete                  0x08002cc8   Section        0  usbd_core.o(i.USBD_IsoOUTIncomplete)
    USBD_IsoOUTIncomplete                    0x08002cc9   Thumb Code    14  usbd_core.o(i.USBD_IsoOUTIncomplete)
    i.USBD_OTG_EP1IN_ISR_Handler             0x08002cd8   Section        0  usb_dcd_int.o(i.USBD_OTG_EP1IN_ISR_Handler)
    i.USBD_OTG_EP1OUT_ISR_Handler            0x08002d50   Section        0  usb_dcd_int.o(i.USBD_OTG_EP1OUT_ISR_Handler)
    i.USBD_OTG_ISR_Handler                   0x08002da0   Section        0  usb_dcd_int.o(i.USBD_OTG_ISR_Handler)
    i.USBD_ParseSetupRequest                 0x08002eec   Section        0  usbd_req.o(i.USBD_ParseSetupRequest)
    i.USBD_Reset                             0x08002f30   Section        0  usbd_core.o(i.USBD_Reset)
    USBD_Reset                               0x08002f31   Thumb Code    46  usbd_core.o(i.USBD_Reset)
    i.USBD_Resume                            0x08002f5e   Section        0  usbd_core.o(i.USBD_Resume)
    USBD_Resume                              0x08002f5f   Thumb Code    22  usbd_core.o(i.USBD_Resume)
    i.USBD_SOF                               0x08002f74   Section        0  usbd_core.o(i.USBD_SOF)
    USBD_SOF                                 0x08002f75   Thumb Code    16  usbd_core.o(i.USBD_SOF)
    i.USBD_SetCfg                            0x08002f84   Section        0  usbd_core.o(i.USBD_SetCfg)
    i.USBD_SetConfig                         0x08002fa0   Section        0  usbd_req.o(i.USBD_SetConfig)
    USBD_SetConfig                           0x08002fa1   Thumb Code   112  usbd_req.o(i.USBD_SetConfig)
    i.USBD_SetFeature                        0x08003014   Section        0  usbd_req.o(i.USBD_SetFeature)
    USBD_SetFeature                          0x08003015   Thumb Code   118  usbd_req.o(i.USBD_SetFeature)
    i.USBD_SetupStage                        0x08003090   Section        0  usbd_core.o(i.USBD_SetupStage)
    USBD_SetupStage                          0x08003091   Thumb Code    72  usbd_core.o(i.USBD_SetupStage)
    i.USBD_StdDevReq                         0x080030d8   Section        0  usbd_req.o(i.USBD_StdDevReq)
    i.USBD_StdEPReq                          0x080031c8   Section        0  usbd_req.o(i.USBD_StdEPReq)
    i.USBD_StdItfReq                         0x0800329c   Section        0  usbd_req.o(i.USBD_StdItfReq)
    i.USBD_Suspend                           0x080032d2   Section        0  usbd_core.o(i.USBD_Suspend)
    USBD_Suspend                             0x080032d3   Thumb Code    28  usbd_core.o(i.USBD_Suspend)
    i.USBD_USR_ConfigStrDescriptor           0x080032f0   Section        0  usbd_desc.o(i.USBD_USR_ConfigStrDescriptor)
    i.USBD_USR_DeviceConfigured              0x08003310   Section        0  usbd_usr.o(i.USBD_USR_DeviceConfigured)
    i.USBD_USR_DeviceConnected               0x0800331c   Section        0  usbd_usr.o(i.USBD_USR_DeviceConnected)
    i.USBD_USR_DeviceDescriptor              0x08003328   Section        0  usbd_desc.o(i.USBD_USR_DeviceDescriptor)
    i.USBD_USR_DeviceDisconnected            0x08003334   Section        0  usbd_usr.o(i.USBD_USR_DeviceDisconnected)
    i.USBD_USR_DeviceReset                   0x08003340   Section        0  usbd_usr.o(i.USBD_USR_DeviceReset)
    i.USBD_USR_DeviceResumed                 0x0800334c   Section        0  usbd_usr.o(i.USBD_USR_DeviceResumed)
    i.USBD_USR_DeviceSuspended               0x08003358   Section        0  usbd_usr.o(i.USBD_USR_DeviceSuspended)
    i.USBD_USR_Init                          0x08003364   Section        0  usbd_usr.o(i.USBD_USR_Init)
    i.USBD_USR_InterfaceStrDescriptor        0x08003370   Section        0  usbd_desc.o(i.USBD_USR_InterfaceStrDescriptor)
    i.USBD_USR_LangIDStrDescriptor           0x08003394   Section        0  usbd_desc.o(i.USBD_USR_LangIDStrDescriptor)
    i.USBD_USR_ManufacturerStrDescriptor     0x080033a0   Section        0  usbd_desc.o(i.USBD_USR_ManufacturerStrDescriptor)
    i.USBD_USR_ProductStrDescriptor          0x080033c8   Section        0  usbd_desc.o(i.USBD_USR_ProductStrDescriptor)
    i.USBD_USR_SerialStrDescriptor           0x08003400   Section        0  usbd_desc.o(i.USBD_USR_SerialStrDescriptor)
    i.USBD_cdc_GetCfgDesc                    0x08003424   Section        0  usbd_cdc_core.o(i.USBD_cdc_GetCfgDesc)
    USBD_cdc_GetCfgDesc                      0x08003425   Thumb Code     8  usbd_cdc_core.o(i.USBD_cdc_GetCfgDesc)
    i.USBD_cdc_GetOtherCfgDesc               0x08003430   Section        0  usbd_cdc_core.o(i.USBD_cdc_GetOtherCfgDesc)
    USBD_cdc_GetOtherCfgDesc                 0x08003431   Thumb Code     8  usbd_cdc_core.o(i.USBD_cdc_GetOtherCfgDesc)
    i.USB_OTG_BSP_EnableInterrupt            0x0800343c   Section        0  usb_bsp.o(i.USB_OTG_BSP_EnableInterrupt)
    i.USB_OTG_BSP_Init                       0x080034a4   Section        0  usb_bsp.o(i.USB_OTG_BSP_Init)
    i.USB_OTG_BSP_mDelay                     0x08003500   Section        0  usb_bsp.o(i.USB_OTG_BSP_mDelay)
    i.USB_OTG_BSP_uDelay                     0x0800350a   Section        0  usb_bsp.o(i.USB_OTG_BSP_uDelay)
    i.USB_OTG_CoreInit                       0x08003520   Section        0  usb_core.o(i.USB_OTG_CoreInit)
    i.USB_OTG_CoreInitDev                    0x080035a0   Section        0  usb_core.o(i.USB_OTG_CoreInitDev)
    i.USB_OTG_CoreReset                      0x08003700   Section        0  usb_core.o(i.USB_OTG_CoreReset)
    USB_OTG_CoreReset                        0x08003701   Thumb Code    84  usb_core.o(i.USB_OTG_CoreReset)
    i.USB_OTG_DisableGlobalInt               0x08003758   Section        0  usb_core.o(i.USB_OTG_DisableGlobalInt)
    i.USB_OTG_EP0Activate                    0x08003768   Section        0  usb_core.o(i.USB_OTG_EP0Activate)
    i.USB_OTG_EP0StartXfer                   0x080037a4   Section        0  usb_core.o(i.USB_OTG_EP0StartXfer)
    i.USB_OTG_EP0_OutStart                   0x0800385c   Section        0  usb_core.o(i.USB_OTG_EP0_OutStart)
    i.USB_OTG_EPActivate                     0x08003880   Section        0  usb_core.o(i.USB_OTG_EPActivate)
    i.USB_OTG_EPClearStall                   0x080038e8   Section        0  usb_core.o(i.USB_OTG_EPClearStall)
    i.USB_OTG_EPDeactivate                   0x0800391a   Section        0  usb_core.o(i.USB_OTG_EPDeactivate)
    i.USB_OTG_EPSetStall                     0x08003968   Section        0  usb_core.o(i.USB_OTG_EPSetStall)
    i.USB_OTG_EPStartXfer                    0x08003998   Section        0  usb_core.o(i.USB_OTG_EPStartXfer)
    i.USB_OTG_EnableDevInt                   0x08003ab8   Section        0  usb_core.o(i.USB_OTG_EnableDevInt)
    i.USB_OTG_EnableGlobalInt                0x08003b00   Section        0  usb_core.o(i.USB_OTG_EnableGlobalInt)
    i.USB_OTG_FlushRxFifo                    0x08003b10   Section        0  usb_core.o(i.USB_OTG_FlushRxFifo)
    i.USB_OTG_FlushTxFifo                    0x08003b48   Section        0  usb_core.o(i.USB_OTG_FlushTxFifo)
    i.USB_OTG_GetDeviceSpeed                 0x08003b88   Section        0  usb_core.o(i.USB_OTG_GetDeviceSpeed)
    i.USB_OTG_InitDevSpeed                   0x08003bae   Section        0  usb_core.o(i.USB_OTG_InitDevSpeed)
    i.USB_OTG_IsDeviceMode                   0x08003bba   Section        0  usb_core.o(i.USB_OTG_IsDeviceMode)
    i.USB_OTG_ReadCoreItr                    0x08003bcc   Section        0  usb_core.o(i.USB_OTG_ReadCoreItr)
    i.USB_OTG_ReadDevAllInEPItr              0x08003bd6   Section        0  usb_core.o(i.USB_OTG_ReadDevAllInEPItr)
    i.USB_OTG_ReadDevAllOutEp_itr            0x08003be2   Section        0  usb_core.o(i.USB_OTG_ReadDevAllOutEp_itr)
    i.USB_OTG_ReadDevOutEP_itr               0x08003bee   Section        0  usb_core.o(i.USB_OTG_ReadDevOutEP_itr)
    i.USB_OTG_ReadPacket                     0x08003bfe   Section        0  usb_core.o(i.USB_OTG_ReadPacket)
    i.USB_OTG_SelectCore                     0x08003c20   Section        0  usb_core.o(i.USB_OTG_SelectCore)
    i.USB_OTG_SetCurrentMode                 0x08003ce4   Section        0  usb_core.o(i.USB_OTG_SetCurrentMode)
    i.USB_OTG_WritePacket                    0x08003d0e   Section        0  usb_core.o(i.USB_OTG_WritePacket)
    i.UsageFault_Handler                     0x08003d36   Section        0  stm32f4xx_it.o(i.UsageFault_Handler)
    i.VCP_Ctrl                               0x08003d38   Section        0  usbd_cdc_vcp.o(i.VCP_Ctrl)
    VCP_Ctrl                                 0x08003d39   Thumb Code    78  usbd_cdc_vcp.o(i.VCP_Ctrl)
    i.VCP_DataRx                             0x08003d8c   Section        0  usbd_cdc_vcp.o(i.VCP_DataRx)
    i.VCP_DataTx                             0x08003da8   Section        0  usbd_cdc_vcp.o(i.VCP_DataTx)
    i.VCP_DeInit                             0x08003ddc   Section        0  usbd_cdc_vcp.o(i.VCP_DeInit)
    VCP_DeInit                               0x08003ddd   Thumb Code     4  usbd_cdc_vcp.o(i.VCP_DeInit)
    i.VCP_Init                               0x08003de0   Section        0  usbd_cdc_vcp.o(i.VCP_Init)
    VCP_Init                                 0x08003de1   Thumb Code     4  usbd_cdc_vcp.o(i.VCP_Init)
    i.__0sprintf                             0x08003de4   Section        0  printfa.o(i.__0sprintf)
    i.__scatterload_copy                     0x08003e0c   Section       14  handlers.o(i.__scatterload_copy)
    i.__scatterload_null                     0x08003e1a   Section        2  handlers.o(i.__scatterload_null)
    i.__scatterload_zeroinit                 0x08003e1c   Section       14  handlers.o(i.__scatterload_zeroinit)
    i._fp_digits                             0x08003e2c   Section        0  printfa.o(i._fp_digits)
    _fp_digits                               0x08003e2d   Thumb Code   334  printfa.o(i._fp_digits)
    i._printf_core                           0x08003f90   Section        0  printfa.o(i._printf_core)
    _printf_core                             0x08003f91   Thumb Code  1744  printfa.o(i._printf_core)
    i._printf_post_padding                   0x0800466c   Section        0  printfa.o(i._printf_post_padding)
    _printf_post_padding                     0x0800466d   Thumb Code    36  printfa.o(i._printf_post_padding)
    i._printf_pre_padding                    0x08004690   Section        0  printfa.o(i._printf_pre_padding)
    _printf_pre_padding                      0x08004691   Thumb Code    46  printfa.o(i._printf_pre_padding)
    i._sputc                                 0x080046be   Section        0  printfa.o(i._sputc)
    _sputc                                   0x080046bf   Thumb Code    10  printfa.o(i._sputc)
    i.clearButtons                           0x080046c8   Section        0  main.o(i.clearButtons)
    i.displayInitialScreen                   0x080046dc   Section        0  main.o(i.displayInitialScreen)
    i.dist2                                  0x08004744   Section        0  main.o(i.dist2)
    i.distToSegmentSquared                   0x08004798   Section        0  main.o(i.distToSegmentSquared)
    i.findHits                               0x08004884   Section        0  main.o(i.findHits)
    i.main                                   0x08004974   Section        0  main.o(i.main)
    i.sendStringViaUSB                       0x08004b58   Section        0  main.o(i.sendStringViaUSB)
    i.sqr                                    0x08004b74   Section        0  main.o(i.sqr)
    i.usbd_cdc_DataIn                        0x08004b88   Section        0  usbd_cdc_core.o(i.usbd_cdc_DataIn)
    usbd_cdc_DataIn                          0x08004b89   Thumb Code    64  usbd_cdc_core.o(i.usbd_cdc_DataIn)
    i.usbd_cdc_DataOut                       0x08004bd0   Section        0  usbd_cdc_core.o(i.usbd_cdc_DataOut)
    usbd_cdc_DataOut                         0x08004bd1   Thumb Code    42  usbd_cdc_core.o(i.usbd_cdc_DataOut)
    i.usbd_cdc_DeInit                        0x08004c04   Section        0  usbd_cdc_core.o(i.usbd_cdc_DeInit)
    usbd_cdc_DeInit                          0x08004c05   Thumb Code    36  usbd_cdc_core.o(i.usbd_cdc_DeInit)
    i.usbd_cdc_EP0_RxReady                   0x08004c2c   Section        0  usbd_cdc_core.o(i.usbd_cdc_EP0_RxReady)
    usbd_cdc_EP0_RxReady                     0x08004c2d   Thumb Code    30  usbd_cdc_core.o(i.usbd_cdc_EP0_RxReady)
    i.usbd_cdc_Init                          0x08004c54   Section        0  usbd_cdc_core.o(i.usbd_cdc_Init)
    usbd_cdc_Init                            0x08004c55   Thumb Code    70  usbd_cdc_core.o(i.usbd_cdc_Init)
    i.usbd_cdc_SOF                           0x08004ca8   Section        0  usbd_cdc_core.o(i.usbd_cdc_SOF)
    usbd_cdc_SOF                             0x08004ca9   Thumb Code    26  usbd_cdc_core.o(i.usbd_cdc_SOF)
    i.usbd_cdc_Setup                         0x08004cc8   Section        0  usbd_cdc_core.o(i.usbd_cdc_Setup)
    usbd_cdc_Setup                           0x08004cc9   Thumb Code   172  usbd_cdc_core.o(i.usbd_cdc_Setup)
    .constdata                               0x08004d7c   Section     3420  tm_stm32f4_fonts.o(.constdata)
    .data                                    0x20000000   Section       20  system_stm32f4xx.o(.data)
    .data                                    0x20000014   Section       16  stm32f4xx_rcc.o(.data)
    APBAHBPrescTable                         0x20000014   Data          16  stm32f4xx_rcc.o(.data)
    .data                                    0x20000024   Section       16  tm_stm32f4_delay.o(.data)
    TM_TimingDelay                           0x20000028   Data           4  tm_stm32f4_delay.o(.data)
    TM_Time                                  0x2000002c   Data           4  tm_stm32f4_delay.o(.data)
    TM_Time2                                 0x20000030   Data           4  tm_stm32f4_delay.o(.data)
    .data                                    0x20000034   Section       12  tm_stm32f4_usb_vcp.o(.data)
    .data                                    0x20000040   Section       10  tm_stm32f4_ili9341.o(.data)
    .data                                    0x2000004c   Section        4  tm_stm32f4_i2c.o(.data)
    .data                                    0x20000050   Section        8  tm_stm32f4_fonts.o(.data)
    .data                                    0x20000058   Section      174  usbd_cdc_core.o(.data)
    usbd_cdc_AltSet                          0x2000005c   Data           4  usbd_cdc_core.o(.data)
    cdcCmd                                   0x2000006c   Data           4  usbd_cdc_core.o(.data)
    cdcLen                                   0x20000070   Data           4  usbd_cdc_core.o(.data)
    FrameCount                               0x20000074   Data           4  usbd_cdc_core.o(.data)
    .data                                    0x20000108   Section       48  usbd_cdc_core.o(.data)
    .data                                    0x20000138   Section        8  usbd_cdc_vcp.o(.data)
    .data                                    0x20000140   Section       20  usbd_cdc_vcp.o(.data)
    .data                                    0x20000154   Section       44  usbd_core.o(.data)
    .data                                    0x20000180   Section        4  usbd_core.o(.data)
    .data                                    0x20000184   Section        4  usbd_core.o(.data)
    .data                                    0x20000188   Section       28  usbd_desc.o(.data)
    .data                                    0x200001a4   Section       22  usbd_desc.o(.data)
    .data                                    0x200001ba   Section       10  usbd_desc.o(.data)
    .data                                    0x200001c4   Section       16  usbd_req.o(.data)
    cfgidx                                   0x200001c4   Data           1  usbd_req.o(.data)
    .data                                    0x200001d4   Section        1  usbd_usr.o(.data)
    .data                                    0x200001d8   Section       28  usbd_usr.o(.data)
    .bss                                     0x200001f4   Section     1652  tm_stm32f4_usb_vcp.o(.bss)
    .bss                                     0x20000868   Section     2112  usbd_cdc_core.o(.bss)
    .bss                                     0x200010a8   Section      255  usbd_req.o(.bss)
    STACK                                    0x200011a8   Section     1024  startup_stm32f40_41xxx.o(STACK)

    Global Symbols

    Symbol Name                              Value     Ov Type        Size  Object(Section)

    BuildAttributes$$THM_ISAv4$E$P$D$K$B$S$7EM$VFPi3$EXTD16$VFPS$VFMA$PE$A:L22UL41UL21$X:L11$S22US41US21$IEEE1$IW$USESV6$~STKCKD$USESV7$~SHL$OSPACE$ROPI$EBA8$MICROLIB$REQ8$PRES8$EABIv2 0x00000000   Number         0  anon$$obj.o ABSOLUTE
    __ARM_use_no_argv                        0x00000000   Number         0  main.o ABSOLUTE
    _printf_a                                0x00000000   Number         0  stubs.o ABSOLUTE
    _printf_c                                0x00000000   Number         0  stubs.o ABSOLUTE
    _printf_charcount                        0x00000000   Number         0  stubs.o ABSOLUTE
    _printf_d                                0x00000000   Number         0  stubs.o ABSOLUTE
    _printf_e                                0x00000000   Number         0  stubs.o ABSOLUTE
    _printf_f                                0x00000000   Number         0  stubs.o ABSOLUTE
    _printf_flags                            0x00000000   Number         0  stubs.o ABSOLUTE
    _printf_fp_dec                           0x00000000   Number         0  stubs.o ABSOLUTE
    _printf_fp_hex                           0x00000000   Number         0  stubs.o ABSOLUTE
    _printf_g                                0x00000000   Number         0  stubs.o ABSOLUTE
    _printf_i                                0x00000000   Number         0  stubs.o ABSOLUTE
    _printf_int_dec                          0x00000000   Number         0  stubs.o ABSOLUTE
    _printf_l                                0x00000000   Number         0  stubs.o ABSOLUTE
    _printf_lc                               0x00000000   Number         0  stubs.o ABSOLUTE
    _printf_ll                               0x00000000   Number         0  stubs.o ABSOLUTE
    _printf_lld                              0x00000000   Number         0  stubs.o ABSOLUTE
    _printf_lli                              0x00000000   Number         0  stubs.o ABSOLUTE
    _printf_llo                              0x00000000   Number         0  stubs.o ABSOLUTE
    _printf_llu                              0x00000000   Number         0  stubs.o ABSOLUTE
    _printf_llx                              0x00000000   Number         0  stubs.o ABSOLUTE
    _printf_longlong_dec                     0x00000000   Number         0  stubs.o ABSOLUTE
    _printf_longlong_hex                     0x00000000   Number         0  stubs.o ABSOLUTE
    _printf_longlong_oct                     0x00000000   Number         0  stubs.o ABSOLUTE
    _printf_ls                               0x00000000   Number         0  stubs.o ABSOLUTE
    _printf_mbtowc                           0x00000000   Number         0  stubs.o ABSOLUTE
    _printf_n                                0x00000000   Number         0  stubs.o ABSOLUTE
    _printf_o                                0x00000000   Number         0  stubs.o ABSOLUTE
    _printf_p                                0x00000000   Number         0  stubs.o ABSOLUTE
    _printf_percent                          0x00000000   Number         0  stubs.o ABSOLUTE
    _printf_pre_padding                      0x00000000   Number         0  stubs.o ABSOLUTE
    _printf_return_value                     0x00000000   Number         0  stubs.o ABSOLUTE
    _printf_s                                0x00000000   Number         0  stubs.o ABSOLUTE
    _printf_sizespec                         0x00000000   Number         0  stubs.o ABSOLUTE
    _printf_str                              0x00000000   Number         0  stubs.o ABSOLUTE
    _printf_truncate_signed                  0x00000000   Number         0  stubs.o ABSOLUTE
    _printf_truncate_unsigned                0x00000000   Number         0  stubs.o ABSOLUTE
    _printf_u                                0x00000000   Number         0  stubs.o ABSOLUTE
    _printf_wc                               0x00000000   Number         0  stubs.o ABSOLUTE
    _printf_wctomb                           0x00000000   Number         0  stubs.o ABSOLUTE
    _printf_widthprec                        0x00000000   Number         0  stubs.o ABSOLUTE
    _printf_x                                0x00000000   Number         0  stubs.o ABSOLUTE
    __cpp_initialize__aeabi_                  - Undefined Weak Reference
    __cxa_finalize                            - Undefined Weak Reference
    _clock_init                               - Undefined Weak Reference
    _microlib_exit                            - Undefined Weak Reference
    __Vectors_Size                           0x00000188   Number         0  startup_stm32f40_41xxx.o ABSOLUTE
    __Vectors                                0x08000000   Data           4  startup_stm32f40_41xxx.o(RESET)
    __Vectors_End                            0x08000188   Data           0  startup_stm32f40_41xxx.o(RESET)
    __main                                   0x08000189   Thumb Code     0  entry.o(.ARM.Collect$$$$00000000)
    _main_stk                                0x08000189   Thumb Code     0  entry2.o(.ARM.Collect$$$$00000001)
    _main_scatterload                        0x0800018d   Thumb Code     0  entry5.o(.ARM.Collect$$$$00000004)
    __main_after_scatterload                 0x08000191   Thumb Code     0  entry5.o(.ARM.Collect$$$$00000004)
    _main_clock                              0x08000191   Thumb Code     0  entry7b.o(.ARM.Collect$$$$00000008)
    _main_cpp_init                           0x08000191   Thumb Code     0  entry8b.o(.ARM.Collect$$$$0000000A)
    _main_init                               0x08000191   Thumb Code     0  entry9a.o(.ARM.Collect$$$$0000000B)
    __rt_final_cpp                           0x08000199   Thumb Code     0  entry10a.o(.ARM.Collect$$$$0000000D)
    __rt_final_exit                          0x08000199   Thumb Code     0  entry11a.o(.ARM.Collect$$$$0000000F)
    Reset_Handler                            0x0800019d   Thumb Code     8  startup_stm32f40_41xxx.o(.text)
    ADC_IRQHandler                           0x080001b7   Thumb Code     0  startup_stm32f40_41xxx.o(.text)
    CAN1_RX0_IRQHandler                      0x080001b7   Thumb Code     0  startup_stm32f40_41xxx.o(.text)
    CAN1_RX1_IRQHandler                      0x080001b7   Thumb Code     0  startup_stm32f40_41xxx.o(.text)
    CAN1_SCE_IRQHandler                      0x080001b7   Thumb Code     0  startup_stm32f40_41xxx.o(.text)
    CAN1_TX_IRQHandler                       0x080001b7   Thumb Code     0  startup_stm32f40_41xxx.o(.text)
    CAN2_RX0_IRQHandler                      0x080001b7   Thumb Code     0  startup_stm32f40_41xxx.o(.text)
    CAN2_RX1_IRQHandler                      0x080001b7   Thumb Code     0  startup_stm32f40_41xxx.o(.text)
    CAN2_SCE_IRQHandler                      0x080001b7   Thumb Code     0  startup_stm32f40_41xxx.o(.text)
    CAN2_TX_IRQHandler                       0x080001b7   Thumb Code     0  startup_stm32f40_41xxx.o(.text)
    CRYP_IRQHandler                          0x080001b7   Thumb Code     0  startup_stm32f40_41xxx.o(.text)
    DCMI_IRQHandler                          0x080001b7   Thumb Code     0  startup_stm32f40_41xxx.o(.text)
    DMA1_Stream0_IRQHandler                  0x080001b7   Thumb Code     0  startup_stm32f40_41xxx.o(.text)
    DMA1_Stream1_IRQHandler                  0x080001b7   Thumb Code     0  startup_stm32f40_41xxx.o(.text)
    DMA1_Stream2_IRQHandler                  0x080001b7   Thumb Code     0  startup_stm32f40_41xxx.o(.text)
    DMA1_Stream3_IRQHandler                  0x080001b7   Thumb Code     0  startup_stm32f40_41xxx.o(.text)
    DMA1_Stream4_IRQHandler                  0x080001b7   Thumb Code     0  startup_stm32f40_41xxx.o(.text)
    DMA1_Stream5_IRQHandler                  0x080001b7   Thumb Code     0  startup_stm32f40_41xxx.o(.text)
    DMA1_Stream6_IRQHandler                  0x080001b7   Thumb Code     0  startup_stm32f40_41xxx.o(.text)
    DMA1_Stream7_IRQHandler                  0x080001b7   Thumb Code     0  startup_stm32f40_41xxx.o(.text)
    DMA2_Stream0_IRQHandler                  0x080001b7   Thumb Code     0  startup_stm32f40_41xxx.o(.text)
    DMA2_Stream1_IRQHandler                  0x080001b7   Thumb Code     0  startup_stm32f40_41xxx.o(.text)
    DMA2_Stream2_IRQHandler                  0x080001b7   Thumb Code     0  startup_stm32f40_41xxx.o(.text)
    DMA2_Stream3_IRQHandler                  0x080001b7   Thumb Code     0  startup_stm32f40_41xxx.o(.text)
    DMA2_Stream4_IRQHandler                  0x080001b7   Thumb Code     0  startup_stm32f40_41xxx.o(.text)
    DMA2_Stream5_IRQHandler                  0x080001b7   Thumb Code     0  startup_stm32f40_41xxx.o(.text)
    DMA2_Stream6_IRQHandler                  0x080001b7   Thumb Code     0  startup_stm32f40_41xxx.o(.text)
    DMA2_Stream7_IRQHandler                  0x080001b7   Thumb Code     0  startup_stm32f40_41xxx.o(.text)
    ETH_IRQHandler                           0x080001b7   Thumb Code     0  startup_stm32f40_41xxx.o(.text)
    ETH_WKUP_IRQHandler                      0x080001b7   Thumb Code     0  startup_stm32f40_41xxx.o(.text)
    EXTI0_IRQHandler                         0x080001b7   Thumb Code     0  startup_stm32f40_41xxx.o(.text)
    EXTI15_10_IRQHandler                     0x080001b7   Thumb Code     0  startup_stm32f40_41xxx.o(.text)
    EXTI1_IRQHandler                         0x080001b7   Thumb Code     0  startup_stm32f40_41xxx.o(.text)
    EXTI2_IRQHandler                         0x080001b7   Thumb Code     0  startup_stm32f40_41xxx.o(.text)
    EXTI3_IRQHandler                         0x080001b7   Thumb Code     0  startup_stm32f40_41xxx.o(.text)
    EXTI4_IRQHandler                         0x080001b7   Thumb Code     0  startup_stm32f40_41xxx.o(.text)
    EXTI9_5_IRQHandler                       0x080001b7   Thumb Code     0  startup_stm32f40_41xxx.o(.text)
    FLASH_IRQHandler                         0x080001b7   Thumb Code     0  startup_stm32f40_41xxx.o(.text)
    FPU_IRQHandler                           0x080001b7   Thumb Code     0  startup_stm32f40_41xxx.o(.text)
    FSMC_IRQHandler                          0x080001b7   Thumb Code     0  startup_stm32f40_41xxx.o(.text)
    HASH_RNG_IRQHandler                      0x080001b7   Thumb Code     0  startup_stm32f40_41xxx.o(.text)
    I2C1_ER_IRQHandler                       0x080001b7   Thumb Code     0  startup_stm32f40_41xxx.o(.text)
    I2C1_EV_IRQHandler                       0x080001b7   Thumb Code     0  startup_stm32f40_41xxx.o(.text)
    I2C2_ER_IRQHandler                       0x080001b7   Thumb Code     0  startup_stm32f40_41xxx.o(.text)
    I2C2_EV_IRQHandler                       0x080001b7   Thumb Code     0  startup_stm32f40_41xxx.o(.text)
    I2C3_ER_IRQHandler                       0x080001b7   Thumb Code     0  startup_stm32f40_41xxx.o(.text)
    I2C3_EV_IRQHandler                       0x080001b7   Thumb Code     0  startup_stm32f40_41xxx.o(.text)
    OTG_FS_IRQHandler                        0x080001b7   Thumb Code     0  startup_stm32f40_41xxx.o(.text)
    OTG_FS_WKUP_IRQHandler                   0x080001b7   Thumb Code     0  startup_stm32f40_41xxx.o(.text)
    PVD_IRQHandler                           0x080001b7   Thumb Code     0  startup_stm32f40_41xxx.o(.text)
    RCC_IRQHandler                           0x080001b7   Thumb Code     0  startup_stm32f40_41xxx.o(.text)
    RTC_Alarm_IRQHandler                     0x080001b7   Thumb Code     0  startup_stm32f40_41xxx.o(.text)
    RTC_WKUP_IRQHandler                      0x080001b7   Thumb Code     0  startup_stm32f40_41xxx.o(.text)
    SDIO_IRQHandler                          0x080001b7   Thumb Code     0  startup_stm32f40_41xxx.o(.text)
    SPI1_IRQHandler                          0x080001b7   Thumb Code     0  startup_stm32f40_41xxx.o(.text)
    SPI2_IRQHandler                          0x080001b7   Thumb Code     0  startup_stm32f40_41xxx.o(.text)
    SPI3_IRQHandler                          0x080001b7   Thumb Code     0  startup_stm32f40_41xxx.o(.text)
    TAMP_STAMP_IRQHandler                    0x080001b7   Thumb Code     0  startup_stm32f40_41xxx.o(.text)
    TIM1_BRK_TIM9_IRQHandler                 0x080001b7   Thumb Code     0  startup_stm32f40_41xxx.o(.text)
    TIM1_CC_IRQHandler                       0x080001b7   Thumb Code     0  startup_stm32f40_41xxx.o(.text)
    TIM1_TRG_COM_TIM11_IRQHandler            0x080001b7   Thumb Code     0  startup_stm32f40_41xxx.o(.text)
    TIM1_UP_TIM10_IRQHandler                 0x080001b7   Thumb Code     0  startup_stm32f40_41xxx.o(.text)
    TIM2_IRQHandler                          0x080001b7   Thumb Code     0  startup_stm32f40_41xxx.o(.text)
    TIM3_IRQHandler                          0x080001b7   Thumb Code     0  startup_stm32f40_41xxx.o(.text)
    TIM4_IRQHandler                          0x080001b7   Thumb Code     0  startup_stm32f40_41xxx.o(.text)
    TIM5_IRQHandler                          0x080001b7   Thumb Code     0  startup_stm32f40_41xxx.o(.text)
    TIM6_DAC_IRQHandler                      0x080001b7   Thumb Code     0  startup_stm32f40_41xxx.o(.text)
    TIM7_IRQHandler                          0x080001b7   Thumb Code     0  startup_stm32f40_41xxx.o(.text)
    TIM8_BRK_TIM12_IRQHandler                0x080001b7   Thumb Code     0  startup_stm32f40_41xxx.o(.text)
    TIM8_CC_IRQHandler                       0x080001b7   Thumb Code     0  startup_stm32f40_41xxx.o(.text)
    TIM8_TRG_COM_TIM14_IRQHandler            0x080001b7   Thumb Code     0  startup_stm32f40_41xxx.o(.text)
    TIM8_UP_TIM13_IRQHandler                 0x080001b7   Thumb Code     0  startup_stm32f40_41xxx.o(.text)
    UART4_IRQHandler                         0x080001b7   Thumb Code     0  startup_stm32f40_41xxx.o(.text)
    UART5_IRQHandler                         0x080001b7   Thumb Code     0  startup_stm32f40_41xxx.o(.text)
    USART1_IRQHandler                        0x080001b7   Thumb Code     0  startup_stm32f40_41xxx.o(.text)
    USART2_IRQHandler                        0x080001b7   Thumb Code     0  startup_stm32f40_41xxx.o(.text)
    USART3_IRQHandler                        0x080001b7   Thumb Code     0  startup_stm32f40_41xxx.o(.text)
    USART6_IRQHandler                        0x080001b7   Thumb Code     0  startup_stm32f40_41xxx.o(.text)
    WWDG_IRQHandler                          0x080001b7   Thumb Code     0  startup_stm32f40_41xxx.o(.text)
    strlen                                   0x080001c1   Thumb Code    14  strlen.o(.text)
    __aeabi_dadd                             0x080001cf   Thumb Code   322  dadd.o(.text)
    __aeabi_dsub                             0x08000311   Thumb Code     6  dadd.o(.text)
    __aeabi_drsub                            0x08000317   Thumb Code     6  dadd.o(.text)
    __aeabi_dmul                             0x0800031d   Thumb Code   228  dmul.o(.text)
    __aeabi_ddiv                             0x08000401   Thumb Code   222  ddiv.o(.text)
    __aeabi_i2d                              0x080004df   Thumb Code    34  dflti.o(.text)
    __aeabi_d2iz                             0x08000501   Thumb Code    62  dfixi.o(.text)
    __aeabi_cdcmpeq                          0x08000541   Thumb Code     0  cdcmple.o(.text)
    __aeabi_cdcmple                          0x08000541   Thumb Code    38  cdcmple.o(.text)
    __aeabi_cdrcmple                         0x08000569   Thumb Code    38  cdrcmple.o(.text)
    __aeabi_uidiv                            0x08000591   Thumb Code     0  uidiv.o(.text)
    __aeabi_uidivmod                         0x08000591   Thumb Code    44  uidiv.o(.text)
    __aeabi_uldivmod                         0x080005bd   Thumb Code    98  uldiv.o(.text)
    __aeabi_llsl                             0x0800061f   Thumb Code    30  llshl.o(.text)
    _ll_shift_l                              0x0800061f   Thumb Code     0  llshl.o(.text)
    __aeabi_llsr                             0x0800063d   Thumb Code    32  llushr.o(.text)
    _ll_ushift_r                             0x0800063d   Thumb Code     0  llushr.o(.text)
    __aeabi_lasr                             0x0800065d   Thumb Code    36  llsshr.o(.text)
    _ll_sshift_r                             0x0800065d   Thumb Code     0  llsshr.o(.text)
    __I$use$fp                               0x08000681   Thumb Code     0  iusefp.o(.text)
    _double_round                            0x08000681   Thumb Code    26  depilogue.o(.text)
    _double_epilogue                         0x0800069b   Thumb Code   156  depilogue.o(.text)
    __aeabi_d2ulz                            0x08000737   Thumb Code    48  dfixul.o(.text)
    __scatterload                            0x08000769   Thumb Code    28  init.o(.text)
    __scatterload_rt2                        0x08000769   Thumb Code     0  init.o(.text)
    __decompress                             0x0800078d   Thumb Code     0  __dczerorl2.o(.text)
    __decompress1                            0x0800078d   Thumb Code    86  __dczerorl2.o(.text)
    BusFault_Handler                         0x080007e3   Thumb Code     2  stm32f4xx_it.o(i.BusFault_Handler)
    DCD_EP_Close                             0x080007e5   Thumb Code    44  usb_dcd.o(i.DCD_EP_Close)
    DCD_EP_ClrStall                          0x08000811   Thumb Code    56  usb_dcd.o(i.DCD_EP_ClrStall)
    DCD_EP_Open                              0x08000849   Thumb Code    60  usb_dcd.o(i.DCD_EP_Open)
    DCD_EP_PrepareRx                         0x08000885   Thumb Code    68  usb_dcd.o(i.DCD_EP_PrepareRx)
    DCD_EP_SetAddress                        0x080008c9   Thumb Code    16  usb_dcd.o(i.DCD_EP_SetAddress)
    DCD_EP_Stall                             0x080008d9   Thumb Code    56  usb_dcd.o(i.DCD_EP_Stall)
    DCD_EP_Tx                                0x08000911   Thumb Code    62  usb_dcd.o(i.DCD_EP_Tx)
    DCD_Init                                 0x08000c45   Thumb Code   148  usb_dcd.o(i.DCD_Init)
    DebugMon_Handler                         0x08000d57   Thumb Code     2  stm32f4xx_it.o(i.DebugMon_Handler)
    Delayms                                  0x08000d59   Thumb Code    22  tm_stm32f4_delay.o(i.Delayms)
    EXTI_ClearITPendingBit                   0x08000d75   Thumb Code     6  stm32f4xx_exti.o(i.EXTI_ClearITPendingBit)
    GPIO_Init                                0x08000d81   Thumb Code   162  stm32f4xx_gpio.o(i.GPIO_Init)
    GPIO_PinAFConfig                         0x08000e23   Thumb Code    32  stm32f4xx_gpio.o(i.GPIO_PinAFConfig)
    GPIO_ResetBits                           0x08000e43   Thumb Code     4  stm32f4xx_gpio.o(i.GPIO_ResetBits)
    GPIO_SetBits                             0x08000e47   Thumb Code     4  stm32f4xx_gpio.o(i.GPIO_SetBits)
    HardFault_Handler                        0x08000eb5   Thumb Code     2  stm32f4xx_it.o(i.HardFault_Handler)
    I2C_AcknowledgeConfig                    0x08000eb7   Thumb Code    20  stm32f4xx_i2c.o(i.I2C_AcknowledgeConfig)
    I2C_CheckEvent                           0x08000ecb   Thumb Code    24  stm32f4xx_i2c.o(i.I2C_CheckEvent)
    I2C_Cmd                                  0x08000ee3   Thumb Code    20  stm32f4xx_i2c.o(i.I2C_Cmd)
    I2C_GenerateSTART                        0x08000ef7   Thumb Code    20  stm32f4xx_i2c.o(i.I2C_GenerateSTART)
    I2C_GenerateSTOP                         0x08000f0b   Thumb Code    20  stm32f4xx_i2c.o(i.I2C_GenerateSTOP)
    I2C_GetFlagStatus                        0x08000f1f   Thumb Code    42  stm32f4xx_i2c.o(i.I2C_GetFlagStatus)
    I2C_Init                                 0x08000f49   Thumb Code   174  stm32f4xx_i2c.o(i.I2C_Init)
    I2C_ReceiveData                          0x08001001   Thumb Code     6  stm32f4xx_i2c.o(i.I2C_ReceiveData)
    I2C_Send7bitAddress                      0x08001007   Thumb Code    16  stm32f4xx_i2c.o(i.I2C_Send7bitAddress)
    I2C_SendData                             0x08001017   Thumb Code     4  stm32f4xx_i2c.o(i.I2C_SendData)
    MemManage_Handler                        0x0800101b   Thumb Code     2  stm32f4xx_it.o(i.MemManage_Handler)
    NMI_Handler                              0x0800101d   Thumb Code     2  stm32f4xx_it.o(i.NMI_Handler)
    NVIC_Init                                0x08001021   Thumb Code    96  misc.o(i.NVIC_Init)
    NVIC_PriorityGroupConfig                 0x08001085   Thumb Code    10  misc.o(i.NVIC_PriorityGroupConfig)
    OTG_HS_EP1_IN_IRQHandler                 0x08001099   Thumb Code     6  usb_bsp.o(i.OTG_HS_EP1_IN_IRQHandler)
    OTG_HS_EP1_OUT_IRQHandler                0x080010a5   Thumb Code     6  usb_bsp.o(i.OTG_HS_EP1_OUT_IRQHandler)
    OTG_HS_IRQHandler                        0x080010b1   Thumb Code     6  usb_bsp.o(i.OTG_HS_IRQHandler)
    OTG_HS_WKUP_IRQHandler                   0x080010bd   Thumb Code     8  usb_bsp.o(i.OTG_HS_WKUP_IRQHandler)
    PendSV_Handler                           0x080010c5   Thumb Code     2  stm32f4xx_it.o(i.PendSV_Handler)
    RCC_AHB1PeriphClockCmd                   0x080010c9   Thumb Code    18  stm32f4xx_rcc.o(i.RCC_AHB1PeriphClockCmd)
    RCC_APB1PeriphClockCmd                   0x080010e1   Thumb Code    18  stm32f4xx_rcc.o(i.RCC_APB1PeriphClockCmd)
    RCC_APB2PeriphClockCmd                   0x080010f9   Thumb Code    18  stm32f4xx_rcc.o(i.RCC_APB2PeriphClockCmd)
    RCC_GetClocksFreq                        0x08001111   Thumb Code   132  stm32f4xx_rcc.o(i.RCC_GetClocksFreq)
    RCC_GetFlagStatus                        0x080011a1   Thumb Code    46  stm32f4xx_rcc.o(i.RCC_GetFlagStatus)
    RCC_HSEConfig                            0x080011d5   Thumb Code    10  stm32f4xx_rcc.o(i.RCC_HSEConfig)
    RCC_WaitForHSEStartUp                    0x080011e5   Thumb Code    44  stm32f4xx_rcc.o(i.RCC_WaitForHSEStartUp)
    SPI_Cmd                                  0x08001211   Thumb Code    20  stm32f4xx_spi.o(i.SPI_Cmd)
    SPI_I2S_GetFlagStatus                    0x08001225   Thumb Code    14  stm32f4xx_spi.o(i.SPI_I2S_GetFlagStatus)
    SPI_Init                                 0x08001233   Thumb Code    56  stm32f4xx_spi.o(i.SPI_Init)
    SPI_StructInit                           0x0800126b   Thumb Code    24  stm32f4xx_spi.o(i.SPI_StructInit)
    SVC_Handler                              0x08001283   Thumb Code     2  stm32f4xx_it.o(i.SVC_Handler)
    SysTick_Handler                          0x08001339   Thumb Code     4  stm32f4xx_it.o(i.SysTick_Handler)
    SystemInit                               0x0800133d   Thumb Code    74  system_stm32f4xx.o(i.SystemInit)
    TM_DELAY_Init                            0x08001399   Thumb Code    72  tm_stm32f4_delay.o(i.TM_DELAY_Init)
    TM_I2C1_InitPins                         0x080013f1   Thumb Code   100  tm_stm32f4_i2c.o(i.TM_I2C1_InitPins)
    TM_I2C2_InitPins                         0x08001459   Thumb Code   106  tm_stm32f4_i2c.o(i.TM_I2C2_InitPins)
    TM_I2C3_InitPins                         0x080014cd   Thumb Code   142  tm_stm32f4_i2c.o(i.TM_I2C3_InitPins)
    TM_I2C_Init                              0x08001569   Thumb Code   124  tm_stm32f4_i2c.o(i.TM_I2C_Init)
    TM_I2C_Read                              0x080015f1   Thumb Code    52  tm_stm32f4_i2c.o(i.TM_I2C_Read)
    TM_I2C_ReadNack                          0x08001625   Thumb Code    60  tm_stm32f4_i2c.o(i.TM_I2C_ReadNack)
    TM_I2C_Start                             0x08001669   Thumb Code   144  tm_stm32f4_i2c.o(i.TM_I2C_Start)
    TM_I2C_Stop                              0x08001709   Thumb Code    64  tm_stm32f4_i2c.o(i.TM_I2C_Stop)
    TM_I2C_Write                             0x08001751   Thumb Code    42  tm_stm32f4_i2c.o(i.TM_I2C_Write)
    TM_I2C_WriteData                         0x0800177d   Thumb Code    52  tm_stm32f4_i2c.o(i.TM_I2C_WriteData)
    TM_ILI9341_Delay                         0x080017b9   Thumb Code    16  tm_stm32f4_ili9341.o(i.TM_ILI9341_Delay)
    TM_ILI9341_DrawCircle                    0x080017c9   Thumb Code   272  tm_stm32f4_ili9341.o(i.TM_ILI9341_DrawCircle)
    TM_ILI9341_DrawFilledCircle              0x080018d9   Thumb Code   260  tm_stm32f4_ili9341.o(i.TM_ILI9341_DrawFilledCircle)
    TM_ILI9341_DrawLine                      0x080019dd   Thumb Code   240  tm_stm32f4_ili9341.o(i.TM_ILI9341_DrawLine)
    TM_ILI9341_DrawPixel                     0x08001acd   Thumb Code    34  tm_stm32f4_ili9341.o(i.TM_ILI9341_DrawPixel)
    TM_ILI9341_Fill                          0x08001af1   Thumb Code    64  tm_stm32f4_ili9341.o(i.TM_ILI9341_Fill)
    TM_ILI9341_Init                          0x08001b35   Thumb Code   148  tm_stm32f4_ili9341.o(i.TM_ILI9341_Init)
    TM_ILI9341_InitLCD                       0x08001bd9   Thumb Code   592  tm_stm32f4_ili9341.o(i.TM_ILI9341_InitLCD)
    TM_ILI9341_Putc                          0x08001e35   Thumb Code   122  tm_stm32f4_ili9341.o(i.TM_ILI9341_Putc)
    TM_ILI9341_Puts                          0x08001eb5   Thumb Code    86  tm_stm32f4_ili9341.o(i.TM_ILI9341_Puts)
    TM_ILI9341_Rotate                        0x08001f11   Thumb Code    76  tm_stm32f4_ili9341.o(i.TM_ILI9341_Rotate)
    TM_ILI9341_SendCommand                   0x08001f61   Thumb Code    44  tm_stm32f4_ili9341.o(i.TM_ILI9341_SendCommand)
    TM_ILI9341_SendData                      0x08001f99   Thumb Code    44  tm_stm32f4_ili9341.o(i.TM_ILI9341_SendData)
    TM_ILI9341_SetCursorPosition             0x08001fd1   Thumb Code    76  tm_stm32f4_ili9341.o(i.TM_ILI9341_SetCursorPosition)
    TM_INT_USB_VCP_AddReceived               0x0800201d   Thumb Code    40  tm_stm32f4_usb_vcp.o(i.TM_INT_USB_VCP_AddReceived)
    TM_SPI1_Init                             0x0800204d   Thumb Code   210  tm_stm32f4_spi.o(i.TM_SPI1_Init)
    TM_SPI2_Init                             0x0800212d   Thumb Code   232  tm_stm32f4_spi.o(i.TM_SPI2_Init)
    TM_SPI3_Init                             0x08002221   Thumb Code   212  tm_stm32f4_spi.o(i.TM_SPI3_Init)
    TM_SPI4_Init                             0x08002301   Thumb Code   208  tm_stm32f4_spi.o(i.TM_SPI4_Init)
    TM_SPI5_Init                             0x080023d9   Thumb Code   228  tm_stm32f4_spi.o(i.TM_SPI5_Init)
    TM_SPI6_Init                             0x080024c9   Thumb Code   156  tm_stm32f4_spi.o(i.TM_SPI6_Init)
    TM_SPI_Init                              0x0800256d   Thumb Code   100  tm_stm32f4_spi.o(i.TM_SPI_Init)
    TM_SPI_Send                              0x080025e9   Thumb Code    48  tm_stm32f4_spi.o(i.TM_SPI_Send)
    TM_STMPE811_Init                         0x08002619   Thumb Code   240  tm_stm32f4_stmpe811.o(i.TM_STMPE811_Init)
    TM_STMPE811_Read                         0x08002711   Thumb Code    10  tm_stm32f4_stmpe811.o(i.TM_STMPE811_Read)
    TM_STMPE811_ReadTouch                    0x08002721   Thumb Code   220  tm_stm32f4_stmpe811.o(i.TM_STMPE811_ReadTouch)
    TM_STMPE811_ReadX                        0x08002801   Thumb Code    94  tm_stm32f4_stmpe811.o(i.TM_STMPE811_ReadX)
    TM_STMPE811_ReadY                        0x0800285f   Thumb Code    80  tm_stm32f4_stmpe811.o(i.TM_STMPE811_ReadY)
    TM_USB_VCP_Init                          0x080028b1   Thumb Code    32  tm_stm32f4_usb_vcp.o(i.TM_USB_VCP_Init)
    TM_USB_VCP_Putc                          0x080028e5   Thumb Code    24  tm_stm32f4_usb_vcp.o(i.TM_USB_VCP_Putc)
    TimingDelay_Decrement                    0x080028fd   Thumb Code    32  tm_stm32f4_delay.o(i.TimingDelay_Decrement)
    USBD_ClrCfg                              0x08002921   Thumb Code    14  usbd_core.o(i.USBD_ClrCfg)
    USBD_CtlContinueRx                       0x0800292f   Thumb Code    18  usbd_ioreq.o(i.USBD_CtlContinueRx)
    USBD_CtlContinueSendData                 0x08002941   Thumb Code    18  usbd_ioreq.o(i.USBD_CtlContinueSendData)
    USBD_CtlError                            0x08002953   Thumb Code    28  usbd_req.o(i.USBD_CtlError)
    USBD_CtlPrepareRx                        0x0800296f   Thumb Code    32  usbd_ioreq.o(i.USBD_CtlPrepareRx)
    USBD_CtlReceiveStatus                    0x0800298f   Thumb Code    34  usbd_ioreq.o(i.USBD_CtlReceiveStatus)
    USBD_CtlSendData                         0x080029b1   Thumb Code    32  usbd_ioreq.o(i.USBD_CtlSendData)
    USBD_CtlSendStatus                       0x080029d1   Thumb Code    34  usbd_ioreq.o(i.USBD_CtlSendStatus)
    USBD_GetString                           0x08002c41   Thumb Code    70  usbd_req.o(i.USBD_GetString)
    USBD_Init                                0x08002c87   Thumb Code    52  usbd_core.o(i.USBD_Init)
    USBD_OTG_EP1IN_ISR_Handler               0x08002cd9   Thumb Code   116  usb_dcd_int.o(i.USBD_OTG_EP1IN_ISR_Handler)
    USBD_OTG_EP1OUT_ISR_Handler              0x08002d51   Thumb Code    74  usb_dcd_int.o(i.USBD_OTG_EP1OUT_ISR_Handler)
    USBD_OTG_ISR_Handler                     0x08002da1   Thumb Code   326  usb_dcd_int.o(i.USBD_OTG_ISR_Handler)
    USBD_ParseSetupRequest                   0x08002eed   Thumb Code    68  usbd_req.o(i.USBD_ParseSetupRequest)
    USBD_SetCfg                              0x08002f85   Thumb Code    26  usbd_core.o(i.USBD_SetCfg)
    USBD_StdDevReq                           0x080030d9   Thumb Code   236  usbd_req.o(i.USBD_StdDevReq)
    USBD_StdEPReq                            0x080031c9   Thumb Code   208  usbd_req.o(i.USBD_StdEPReq)
    USBD_StdItfReq                           0x0800329d   Thumb Code    54  usbd_req.o(i.USBD_StdItfReq)
    USBD_USR_ConfigStrDescriptor             0x080032f1   Thumb Code    16  usbd_desc.o(i.USBD_USR_ConfigStrDescriptor)
    USBD_USR_DeviceConfigured                0x08003311   Thumb Code     8  usbd_usr.o(i.USBD_USR_DeviceConfigured)
    USBD_USR_DeviceConnected                 0x0800331d   Thumb Code     8  usbd_usr.o(i.USBD_USR_DeviceConnected)
    USBD_USR_DeviceDescriptor                0x08003329   Thumb Code     8  usbd_desc.o(i.USBD_USR_DeviceDescriptor)
    USBD_USR_DeviceDisconnected              0x08003335   Thumb Code     8  usbd_usr.o(i.USBD_USR_DeviceDisconnected)
    USBD_USR_DeviceReset                     0x08003341   Thumb Code     8  usbd_usr.o(i.USBD_USR_DeviceReset)
    USBD_USR_DeviceResumed                   0x0800334d   Thumb Code     8  usbd_usr.o(i.USBD_USR_DeviceResumed)
    USBD_USR_DeviceSuspended                 0x08003359   Thumb Code     8  usbd_usr.o(i.USBD_USR_DeviceSuspended)
    USBD_USR_Init                            0x08003365   Thumb Code     8  usbd_usr.o(i.USBD_USR_Init)
    USBD_USR_InterfaceStrDescriptor          0x08003371   Thumb Code    16  usbd_desc.o(i.USBD_USR_InterfaceStrDescriptor)
    USBD_USR_LangIDStrDescriptor             0x08003395   Thumb Code     8  usbd_desc.o(i.USBD_USR_LangIDStrDescriptor)
    USBD_USR_ManufacturerStrDescriptor       0x080033a1   Thumb Code    16  usbd_desc.o(i.USBD_USR_ManufacturerStrDescriptor)
    USBD_USR_ProductStrDescriptor            0x080033c9   Thumb Code    16  usbd_desc.o(i.USBD_USR_ProductStrDescriptor)
    USBD_USR_SerialStrDescriptor             0x08003401   Thumb Code    16  usbd_desc.o(i.USBD_USR_SerialStrDescriptor)
    USB_OTG_BSP_EnableInterrupt              0x0800343d   Thumb Code   104  usb_bsp.o(i.USB_OTG_BSP_EnableInterrupt)
    USB_OTG_BSP_Init                         0x080034a5   Thumb Code    86  usb_bsp.o(i.USB_OTG_BSP_Init)
    USB_OTG_BSP_mDelay                       0x08003501   Thumb Code    10  usb_bsp.o(i.USB_OTG_BSP_mDelay)
    USB_OTG_BSP_uDelay                       0x0800350b   Thumb Code    22  usb_bsp.o(i.USB_OTG_BSP_uDelay)
    USB_OTG_CoreInit                         0x08003521   Thumb Code   128  usb_core.o(i.USB_OTG_CoreInit)
    USB_OTG_CoreInitDev                      0x080035a1   Thumb Code   352  usb_core.o(i.USB_OTG_CoreInitDev)
    USB_OTG_DisableGlobalInt                 0x08003759   Thumb Code    16  usb_core.o(i.USB_OTG_DisableGlobalInt)
    USB_OTG_EP0Activate                      0x08003769   Thumb Code    58  usb_core.o(i.USB_OTG_EP0Activate)
    USB_OTG_EP0StartXfer                     0x080037a5   Thumb Code   182  usb_core.o(i.USB_OTG_EP0StartXfer)
    USB_OTG_EP0_OutStart                     0x0800385d   Thumb Code    32  usb_core.o(i.USB_OTG_EP0_OutStart)
    USB_OTG_EPActivate                       0x08003881   Thumb Code   104  usb_core.o(i.USB_OTG_EPActivate)
    USB_OTG_EPClearStall                     0x080038e9   Thumb Code    50  usb_core.o(i.USB_OTG_EPClearStall)
    USB_OTG_EPDeactivate                     0x0800391b   Thumb Code    78  usb_core.o(i.USB_OTG_EPDeactivate)
    USB_OTG_EPSetStall                       0x08003969   Thumb Code    48  usb_core.o(i.USB_OTG_EPSetStall)
    USB_OTG_EPStartXfer                      0x08003999   Thumb Code   288  usb_core.o(i.USB_OTG_EPStartXfer)
    USB_OTG_EnableDevInt                     0x08003ab9   Thumb Code    66  usb_core.o(i.USB_OTG_EnableDevInt)
    USB_OTG_EnableGlobalInt                  0x08003b01   Thumb Code    16  usb_core.o(i.USB_OTG_EnableGlobalInt)
    USB_OTG_FlushRxFifo                      0x08003b11   Thumb Code    52  usb_core.o(i.USB_OTG_FlushRxFifo)
    USB_OTG_FlushTxFifo                      0x08003b49   Thumb Code    60  usb_core.o(i.USB_OTG_FlushTxFifo)
    USB_OTG_GetDeviceSpeed                   0x08003b89   Thumb Code    38  usb_core.o(i.USB_OTG_GetDeviceSpeed)
    USB_OTG_InitDevSpeed                     0x08003baf   Thumb Code    12  usb_core.o(i.USB_OTG_InitDevSpeed)
    USB_OTG_IsDeviceMode                     0x08003bbb   Thumb Code    18  usb_core.o(i.USB_OTG_IsDeviceMode)
    USB_OTG_ReadCoreItr                      0x08003bcd   Thumb Code    10  usb_core.o(i.USB_OTG_ReadCoreItr)
    USB_OTG_ReadDevAllInEPItr                0x08003bd7   Thumb Code    12  usb_core.o(i.USB_OTG_ReadDevAllInEPItr)
    USB_OTG_ReadDevAllOutEp_itr              0x08003be3   Thumb Code    12  usb_core.o(i.USB_OTG_ReadDevAllOutEp_itr)
    USB_OTG_ReadDevOutEP_itr                 0x08003bef   Thumb Code    16  usb_core.o(i.USB_OTG_ReadDevOutEP_itr)
    USB_OTG_ReadPacket                       0x08003bff   Thumb Code    32  usb_core.o(i.USB_OTG_ReadPacket)
    USB_OTG_SelectCore                       0x08003c21   Thumb Code   192  usb_core.o(i.USB_OTG_SelectCore)
    USB_OTG_SetCurrentMode                   0x08003ce5   Thumb Code    42  usb_core.o(i.USB_OTG_SetCurrentMode)
    USB_OTG_WritePacket                      0x08003d0f   Thumb Code    40  usb_core.o(i.USB_OTG_WritePacket)
    UsageFault_Handler                       0x08003d37   Thumb Code     2  stm32f4xx_it.o(i.UsageFault_Handler)
    VCP_DataRx                               0x08003d8d   Thumb Code    26  usbd_cdc_vcp.o(i.VCP_DataRx)
    VCP_DataTx                               0x08003da9   Thumb Code    42  usbd_cdc_vcp.o(i.VCP_DataTx)
    __0sprintf                               0x08003de5   Thumb Code    34  printfa.o(i.__0sprintf)
    __1sprintf                               0x08003de5   Thumb Code     0  printfa.o(i.__0sprintf)
    __2sprintf                               0x08003de5   Thumb Code     0  printfa.o(i.__0sprintf)
    __c89sprintf                             0x08003de5   Thumb Code     0  printfa.o(i.__0sprintf)
    sprintf                                  0x08003de5   Thumb Code     0  printfa.o(i.__0sprintf)
    __scatterload_copy                       0x08003e0d   Thumb Code    14  handlers.o(i.__scatterload_copy)
    __scatterload_null                       0x08003e1b   Thumb Code     2  handlers.o(i.__scatterload_null)
    __scatterload_zeroinit                   0x08003e1d   Thumb Code    14  handlers.o(i.__scatterload_zeroinit)
    clearButtons                             0x080046c9   Thumb Code    18  main.o(i.clearButtons)
    displayInitialScreen                     0x080046dd   Thumb Code    94  main.o(i.displayInitialScreen)
    dist2                                    0x08004745   Thumb Code    84  main.o(i.dist2)
    distToSegmentSquared                     0x08004799   Thumb Code   220  main.o(i.distToSegmentSquared)
    findHits                                 0x08004885   Thumb Code   188  main.o(i.findHits)
    main                                     0x08004975   Thumb Code   356  main.o(i.main)
    sendStringViaUSB                         0x08004b59   Thumb Code    28  main.o(i.sendStringViaUSB)
    sqr                                      0x08004b75   Thumb Code    20  main.o(i.sqr)
    TM_Font11x18                             0x08004d7c   Data        3420  tm_stm32f4_fonts.o(.constdata)
    Region$$Table$$Base                      0x08005ad8   Number         0  anon$$obj.o(Region$$Table)
    Region$$Table$$Limit                     0x08005af8   Number         0  anon$$obj.o(Region$$Table)
    SystemCoreClock                          0x20000000   Data           4  system_stm32f4xx.o(.data)
    AHBPrescTable                            0x20000004   Data          16  system_stm32f4xx.o(.data)
    TM_DELAY_Initialized                     0x20000024   Data           1  tm_stm32f4_delay.o(.data)
    tm_int_usb_vcp_buf_in                    0x20000034   Data           4  tm_stm32f4_usb_vcp.o(.data)
    tm_int_usb_vcp_buf_out                   0x20000038   Data           4  tm_stm32f4_usb_vcp.o(.data)
    tm_int_usb_vcp_buf_num                   0x2000003c   Data           4  tm_stm32f4_usb_vcp.o(.data)
    ILI9341_x                                0x20000040   Data           2  tm_stm32f4_ili9341.o(.data)
    ILI9341_y                                0x20000042   Data           2  tm_stm32f4_ili9341.o(.data)
    ILI9341_Opts                             0x20000044   Data           6  tm_stm32f4_ili9341.o(.data)
    TM_I2C_Timeout                           0x2000004c   Data           4  tm_stm32f4_i2c.o(.data)
    TM_Font_11x18                            0x20000050   Data           8  tm_stm32f4_fonts.o(.data)
    USB_Tx_State                             0x20000058   Data           1  usbd_cdc_core.o(.data)
    APP_Rx_ptr_in                            0x20000060   Data           4  usbd_cdc_core.o(.data)
    APP_Rx_ptr_out                           0x20000064   Data           4  usbd_cdc_core.o(.data)
    APP_Rx_length                            0x20000068   Data           4  usbd_cdc_core.o(.data)
    CmdBuff                                  0x20000078   Data           8  usbd_cdc_core.o(.data)
    usbd_cdc_CfgDesc                         0x20000080   Data          67  usbd_cdc_core.o(.data)
    usbd_cdc_OtherCfgDesc                    0x200000c3   Data          67  usbd_cdc_core.o(.data)
    USBD_CDC_cb                              0x20000108   Data          48  usbd_cdc_core.o(.data)
    linecoding                               0x20000138   Data           8  usbd_cdc_vcp.o(.data)
    VCP_fops                                 0x20000140   Data          20  usbd_cdc_vcp.o(.data)
    USBD_DCD_INT_cb                          0x20000154   Data          44  usbd_core.o(.data)
    USBD_DCD_INT_fops                        0x20000180   Data           4  usbd_core.o(.data)
    SET_TEST_MODE                            0x20000184   Data           4  usbd_core.o(.data)
    USR_desc                                 0x20000188   Data          28  usbd_desc.o(.data)
    USBD_LangIDDesc                          0x200001a4   Data           4  usbd_desc.o(.data)
    USBD_DeviceDesc                          0x200001a8   Data          18  usbd_desc.o(.data)
    USBD_DeviceQualifierDesc                 0x200001ba   Data          10  usbd_desc.o(.data)
    USBD_ep_status                           0x200001c8   Data           4  usbd_req.o(.data)
    USBD_default_cfg                         0x200001cc   Data           4  usbd_req.o(.data)
    USBD_cfg_status                          0x200001d0   Data           4  usbd_req.o(.data)
    TM_USB_VCP_Status                        0x200001d4   Data           1  usbd_usr.o(.data)
    USR_cb                                   0x200001d8   Data          28  usbd_usr.o(.data)
    TM_INT_USB_VCP_ReceiveBuffer             0x200001f4   Data         128  tm_stm32f4_usb_vcp.o(.bss)
    USB_OTG_dev                              0x20000274   Data        1524  tm_stm32f4_usb_vcp.o(.bss)
    USB_Rx_Buffer                            0x20000868   Data          64  usbd_cdc_core.o(.bss)
    APP_Rx_Buffer                            0x200008a8   Data        2048  usbd_cdc_core.o(.bss)
    USBD_StrDesc                             0x200010a8   Data         255  usbd_req.o(.bss)
    __initial_sp                             0x200015a8   Data           0  startup_stm32f40_41xxx.o(STACK)



==============================================================================

Memory Map of the image

  Image Entry point : 0x08000189

  Load Region LR_IROM1 (Base: 0x08000000, Size: 0x00005cec, Max: 0x00100000, ABSOLUTE, COMPRESSED[0x00005c04])

    Execution Region ER_IROM1 (Base: 0x08000000, Size: 0x00005af8, Max: 0x00100000, ABSOLUTE)

    Base Addr    Size         Type   Attr      Idx    E Section Name        Object

    0x08000000   0x00000188   Data   RO          511    RESET               startup_stm32f40_41xxx.o
    0x08000188   0x00000000   Code   RO          513  * .ARM.Collect$$$$00000000  mc_w.l(entry.o)
    0x08000188   0x00000004   Code   RO          655    .ARM.Collect$$$$00000001  mc_w.l(entry2.o)
    0x0800018c   0x00000004   Code   RO          658    .ARM.Collect$$$$00000004  mc_w.l(entry5.o)
    0x08000190   0x00000000   Code   RO          660    .ARM.Collect$$$$00000008  mc_w.l(entry7b.o)
    0x08000190   0x00000000   Code   RO          662    .ARM.Collect$$$$0000000A  mc_w.l(entry8b.o)
    0x08000190   0x00000008   Code   RO          663    .ARM.Collect$$$$0000000B  mc_w.l(entry9a.o)
    0x08000198   0x00000000   Code   RO          665    .ARM.Collect$$$$0000000D  mc_w.l(entry10a.o)
    0x08000198   0x00000000   Code   RO          667    .ARM.Collect$$$$0000000F  mc_w.l(entry11a.o)
    0x08000198   0x00000004   Code   RO          656    .ARM.Collect$$$$00002712  mc_w.l(entry2.o)
    0x0800019c   0x00000024   Code   RO          512    .text               startup_stm32f40_41xxx.o
    0x080001c0   0x0000000e   Code   RO          516    .text               mc_w.l(strlen.o)
    0x080001ce   0x0000014e   Code   RO          648    .text               mf_w.l(dadd.o)
    0x0800031c   0x000000e4   Code   RO          649    .text               mf_w.l(dmul.o)
    0x08000400   0x000000de   Code   RO          650    .text               mf_w.l(ddiv.o)
    0x080004de   0x00000022   Code   RO          651    .text               mf_w.l(dflti.o)
    0x08000500   0x0000003e   Code   RO          652    .text               mf_w.l(dfixi.o)
    0x0800053e   0x00000002   PAD
    0x08000540   0x00000028   Code   RO          653    .text               mf_w.l(cdcmple.o)
    0x08000568   0x00000028   Code   RO          654    .text               mf_w.l(cdrcmple.o)
    0x08000590   0x0000002c   Code   RO          671    .text               mc_w.l(uidiv.o)
    0x080005bc   0x00000062   Code   RO          672    .text               mc_w.l(uldiv.o)
    0x0800061e   0x0000001e   Code   RO          673    .text               mc_w.l(llshl.o)
    0x0800063c   0x00000020   Code   RO          674    .text               mc_w.l(llushr.o)
    0x0800065c   0x00000024   Code   RO          675    .text               mc_w.l(llsshr.o)
    0x08000680   0x00000000   Code   RO          676    .text               mc_w.l(iusefp.o)
    0x08000680   0x000000b6   Code   RO          677    .text               mf_w.l(depilogue.o)
    0x08000736   0x00000030   Code   RO          678    .text               mf_w.l(dfixul.o)
    0x08000766   0x00000002   PAD
    0x08000768   0x00000024   Code   RO          679    .text               mc_w.l(init.o)
    0x0800078c   0x00000056   Code   RO          687    .text               mc_w.l(__dczerorl2.o)
    0x080007e2   0x00000002   Code   RO          339    i.BusFault_Handler  stm32f4xx_it.o
    0x080007e4   0x0000002c   Code   RO          399    i.DCD_EP_Close      usb_dcd.o
    0x08000810   0x00000038   Code   RO          400    i.DCD_EP_ClrStall   usb_dcd.o
    0x08000848   0x0000003c   Code   RO          402    i.DCD_EP_Open       usb_dcd.o
    0x08000884   0x00000044   Code   RO          403    i.DCD_EP_PrepareRx  usb_dcd.o
    0x080008c8   0x00000010   Code   RO          404    i.DCD_EP_SetAddress  usb_dcd.o
    0x080008d8   0x00000038   Code   RO          405    i.DCD_EP_Stall      usb_dcd.o
    0x08000910   0x0000003e   Code   RO          406    i.DCD_EP_Tx         usb_dcd.o
    0x0800094e   0x00000002   PAD
    0x08000950   0x000000cc   Code   RO          412    i.DCD_HandleInEP_ISR  usb_dcd_int.o
    0x08000a1c   0x000000ac   Code   RO          413    i.DCD_HandleOutEP_ISR  usb_dcd_int.o
    0x08000ac8   0x0000007c   Code   RO          414    i.DCD_HandleRxStatusQueueLevel_ISR  usb_dcd_int.o
    0x08000b44   0x00000070   Code   RO          415    i.DCD_HandleUSBSuspend_ISR  usb_dcd_int.o
    0x08000bb4   0x00000090   Code   RO          416    i.DCD_HandleUsbReset_ISR  usb_dcd_int.o
    0x08000c44   0x00000094   Code   RO          408    i.DCD_Init          usb_dcd.o
    0x08000cd8   0x0000007e   Code   RO          417    i.DCD_WriteEmptyTxFifo  usb_dcd_int.o
    0x08000d56   0x00000002   Code   RO          340    i.DebugMon_Handler  stm32f4xx_it.o
    0x08000d58   0x0000001c   Code   RO          240    i.Delayms           tm_stm32f4_delay.o
    0x08000d74   0x0000000c   Code   RO          186    i.EXTI_ClearITPendingBit  stm32f4xx_exti.o
    0x08000d80   0x000000a2   Code   RO           72    i.GPIO_Init         stm32f4xx_gpio.o
    0x08000e22   0x00000020   Code   RO           73    i.GPIO_PinAFConfig  stm32f4xx_gpio.o
    0x08000e42   0x00000004   Code   RO           79    i.GPIO_ResetBits    stm32f4xx_gpio.o
    0x08000e46   0x00000004   Code   RO           80    i.GPIO_SetBits      stm32f4xx_gpio.o
    0x08000e4a   0x00000002   PAD
    0x08000e4c   0x00000068   Code   RO          423    i.Handle_USBAsynchXfer  usbd_cdc_core.o
    0x08000eb4   0x00000002   Code   RO          341    i.HardFault_Handler  stm32f4xx_it.o
    0x08000eb6   0x00000014   Code   RO          196    i.I2C_AcknowledgeConfig  stm32f4xx_i2c.o
    0x08000eca   0x00000018   Code   RO          199    i.I2C_CheckEvent    stm32f4xx_i2c.o
    0x08000ee2   0x00000014   Code   RO          202    i.I2C_Cmd           stm32f4xx_i2c.o
    0x08000ef6   0x00000014   Code   RO          210    i.I2C_GenerateSTART  stm32f4xx_i2c.o
    0x08000f0a   0x00000014   Code   RO          211    i.I2C_GenerateSTOP  stm32f4xx_i2c.o
    0x08000f1e   0x0000002a   Code   RO          212    i.I2C_GetFlagStatus  stm32f4xx_i2c.o
    0x08000f48   0x000000b8   Code   RO          217    i.I2C_Init          stm32f4xx_i2c.o
    0x08001000   0x00000006   Code   RO          222    i.I2C_ReceiveData   stm32f4xx_i2c.o
    0x08001006   0x00000010   Code   RO          224    i.I2C_Send7bitAddress  stm32f4xx_i2c.o
    0x08001016   0x00000004   Code   RO          225    i.I2C_SendData      stm32f4xx_i2c.o
    0x0800101a   0x00000002   Code   RO          342    i.MemManage_Handler  stm32f4xx_it.o
    0x0800101c   0x00000002   Code   RO          343    i.NMI_Handler       stm32f4xx_it.o
    0x0800101e   0x00000002   PAD
    0x08001020   0x00000064   Code   RO            9    i.NVIC_Init         misc.o
    0x08001084   0x00000014   Code   RO           10    i.NVIC_PriorityGroupConfig  misc.o
    0x08001098   0x0000000c   Code   RO          350    i.OTG_HS_EP1_IN_IRQHandler  usb_bsp.o
    0x080010a4   0x0000000c   Code   RO          351    i.OTG_HS_EP1_OUT_IRQHandler  usb_bsp.o
    0x080010b0   0x0000000c   Code   RO          352    i.OTG_HS_IRQHandler  usb_bsp.o
    0x080010bc   0x00000008   Code   RO          353    i.OTG_HS_WKUP_IRQHandler  usb_bsp.o
    0x080010c4   0x00000002   Code   RO          344    i.PendSV_Handler    stm32f4xx_it.o
    0x080010c6   0x00000002   PAD
    0x080010c8   0x00000018   Code   RO           16    i.RCC_AHB1PeriphClockCmd  stm32f4xx_rcc.o
    0x080010e0   0x00000018   Code   RO           25    i.RCC_APB1PeriphClockCmd  stm32f4xx_rcc.o
    0x080010f8   0x00000018   Code   RO           28    i.RCC_APB2PeriphClockCmd  stm32f4xx_rcc.o
    0x08001110   0x00000090   Code   RO           37    i.RCC_GetClocksFreq  stm32f4xx_rcc.o
    0x080011a0   0x00000034   Code   RO           38    i.RCC_GetFlagStatus  stm32f4xx_rcc.o
    0x080011d4   0x00000010   Code   RO           42    i.RCC_HSEConfig     stm32f4xx_rcc.o
    0x080011e4   0x0000002c   Code   RO           67    i.RCC_WaitForHSEStartUp  stm32f4xx_rcc.o
    0x08001210   0x00000014   Code   RO          124    i.SPI_Cmd           stm32f4xx_spi.o
    0x08001224   0x0000000e   Code   RO          132    i.SPI_I2S_GetFlagStatus  stm32f4xx_spi.o
    0x08001232   0x00000038   Code   RO          137    i.SPI_Init          stm32f4xx_spi.o
    0x0800126a   0x00000018   Code   RO          140    i.SPI_StructInit    stm32f4xx_spi.o
    0x08001282   0x00000002   Code   RO          345    i.SVC_Handler       stm32f4xx_it.o
    0x08001284   0x000000b4   Code   RO            3    i.SetSysClock       system_stm32f4xx.o
    0x08001338   0x00000004   Code   RO          346    i.SysTick_Handler   stm32f4xx_it.o
    0x0800133c   0x0000005c   Code   RO            5    i.SystemInit        system_stm32f4xx.o
    0x08001398   0x00000058   Code   RO          243    i.TM_DELAY_Init     tm_stm32f4_delay.o
    0x080013f0   0x00000068   Code   RO          305    i.TM_I2C1_InitPins  tm_stm32f4_i2c.o
    0x08001458   0x00000074   Code   RO          306    i.TM_I2C2_InitPins  tm_stm32f4_i2c.o
    0x080014cc   0x0000009c   Code   RO          307    i.TM_I2C3_InitPins  tm_stm32f4_i2c.o
    0x08001568   0x00000088   Code   RO          308    i.TM_I2C_Init       tm_stm32f4_i2c.o
    0x080015f0   0x00000034   Code   RO          309    i.TM_I2C_Read       tm_stm32f4_i2c.o
    0x08001624   0x00000044   Code   RO          312    i.TM_I2C_ReadNack   tm_stm32f4_i2c.o
    0x08001668   0x000000a0   Code   RO          313    i.TM_I2C_Start      tm_stm32f4_i2c.o
    0x08001708   0x00000048   Code   RO          314    i.TM_I2C_Stop       tm_stm32f4_i2c.o
    0x08001750   0x0000002a   Code   RO          315    i.TM_I2C_Write      tm_stm32f4_i2c.o
    0x0800177a   0x00000002   PAD
    0x0800177c   0x0000003c   Code   RO          316    i.TM_I2C_WriteData  tm_stm32f4_i2c.o
    0x080017b8   0x00000010   Code   RO          272    i.TM_ILI9341_Delay  tm_stm32f4_ili9341.o
    0x080017c8   0x00000110   Code   RO          273    i.TM_ILI9341_DrawCircle  tm_stm32f4_ili9341.o
    0x080018d8   0x00000104   Code   RO          274    i.TM_ILI9341_DrawFilledCircle  tm_stm32f4_ili9341.o
    0x080019dc   0x000000f0   Code   RO          276    i.TM_ILI9341_DrawLine  tm_stm32f4_ili9341.o
    0x08001acc   0x00000022   Code   RO          277    i.TM_ILI9341_DrawPixel  tm_stm32f4_ili9341.o
    0x08001aee   0x00000002   PAD
    0x08001af0   0x00000044   Code   RO          279    i.TM_ILI9341_Fill   tm_stm32f4_ili9341.o
    0x08001b34   0x000000a4   Code   RO          281    i.TM_ILI9341_Init   tm_stm32f4_ili9341.o
    0x08001bd8   0x0000025c   Code   RO          282    i.TM_ILI9341_InitLCD  tm_stm32f4_ili9341.o
    0x08001e34   0x00000080   Code   RO          283    i.TM_ILI9341_Putc   tm_stm32f4_ili9341.o
    0x08001eb4   0x0000005c   Code   RO          284    i.TM_ILI9341_Puts   tm_stm32f4_ili9341.o
    0x08001f10   0x00000050   Code   RO          285    i.TM_ILI9341_Rotate  tm_stm32f4_ili9341.o
    0x08001f60   0x00000038   Code   RO          286    i.TM_ILI9341_SendCommand  tm_stm32f4_ili9341.o
    0x08001f98   0x00000038   Code   RO          287    i.TM_ILI9341_SendData  tm_stm32f4_ili9341.o
    0x08001fd0   0x0000004c   Code   RO          288    i.TM_ILI9341_SetCursorPosition  tm_stm32f4_ili9341.o
    0x0800201c   0x00000030   Code   RO          252    i.TM_INT_USB_VCP_AddReceived  tm_stm32f4_usb_vcp.o
    0x0800204c   0x000000e0   Code   RO          292    i.TM_SPI1_Init      tm_stm32f4_spi.o
    0x0800212c   0x000000f4   Code   RO          293    i.TM_SPI2_Init      tm_stm32f4_spi.o
    0x08002220   0x000000e0   Code   RO          294    i.TM_SPI3_Init      tm_stm32f4_spi.o
    0x08002300   0x000000d8   Code   RO          295    i.TM_SPI4_Init      tm_stm32f4_spi.o
    0x080023d8   0x000000f0   Code   RO          296    i.TM_SPI5_Init      tm_stm32f4_spi.o
    0x080024c8   0x000000a4   Code   RO          297    i.TM_SPI6_Init      tm_stm32f4_spi.o
    0x0800256c   0x0000007c   Code   RO          298    i.TM_SPI_Init       tm_stm32f4_spi.o
    0x080025e8   0x00000030   Code   RO          300    i.TM_SPI_Send       tm_stm32f4_spi.o
    0x08002618   0x000000f8   Code   RO          232    i.TM_STMPE811_Init  tm_stm32f4_stmpe811.o
    0x08002710   0x00000010   Code   RO          233    i.TM_STMPE811_Read  tm_stm32f4_stmpe811.o
    0x08002720   0x000000e0   Code   RO          234    i.TM_STMPE811_ReadTouch  tm_stm32f4_stmpe811.o
    0x08002800   0x0000005e   Code   RO          235    i.TM_STMPE811_ReadX  tm_stm32f4_stmpe811.o
    0x0800285e   0x00000050   Code   RO          236    i.TM_STMPE811_ReadY  tm_stm32f4_stmpe811.o
    0x080028ae   0x00000002   PAD
    0x080028b0   0x00000034   Code   RO          256    i.TM_USB_VCP_Init   tm_stm32f4_usb_vcp.o
    0x080028e4   0x00000018   Code   RO          257    i.TM_USB_VCP_Putc   tm_stm32f4_usb_vcp.o
    0x080028fc   0x00000024   Code   RO          248    i.TimingDelay_Decrement  tm_stm32f4_delay.o
    0x08002920   0x0000000e   Code   RO          447    i.USBD_ClrCfg       usbd_core.o
    0x0800292e   0x00000012   Code   RO          477    i.USBD_CtlContinueRx  usbd_ioreq.o
    0x08002940   0x00000012   Code   RO          478    i.USBD_CtlContinueSendData  usbd_ioreq.o
    0x08002952   0x0000001c   Code   RO          486    i.USBD_CtlError     usbd_req.o
    0x0800296e   0x00000020   Code   RO          479    i.USBD_CtlPrepareRx  usbd_ioreq.o
    0x0800298e   0x00000022   Code   RO          480    i.USBD_CtlReceiveStatus  usbd_ioreq.o
    0x080029b0   0x00000020   Code   RO          481    i.USBD_CtlSendData  usbd_ioreq.o
    0x080029d0   0x00000022   Code   RO          482    i.USBD_CtlSendStatus  usbd_ioreq.o
    0x080029f2   0x00000002   PAD
    0x080029f4   0x000000b0   Code   RO          448    i.USBD_DataInStage  usbd_core.o
    0x08002aa4   0x00000078   Code   RO          449    i.USBD_DataOutStage  usbd_core.o
    0x08002b1c   0x00000124   Code   RO          487    i.USBD_GetDescriptor  usbd_req.o
    0x08002c40   0x00000046   Code   RO          488    i.USBD_GetString    usbd_req.o
    0x08002c86   0x00000034   Code   RO          451    i.USBD_Init         usbd_core.o
    0x08002cba   0x0000000e   Code   RO          452    i.USBD_IsoINIncomplete  usbd_core.o
    0x08002cc8   0x0000000e   Code   RO          453    i.USBD_IsoOUTIncomplete  usbd_core.o
    0x08002cd6   0x00000002   PAD
    0x08002cd8   0x00000078   Code   RO          418    i.USBD_OTG_EP1IN_ISR_Handler  usb_dcd_int.o
    0x08002d50   0x00000050   Code   RO          419    i.USBD_OTG_EP1OUT_ISR_Handler  usb_dcd_int.o
    0x08002da0   0x0000014c   Code   RO          420    i.USBD_OTG_ISR_Handler  usb_dcd_int.o
    0x08002eec   0x00000044   Code   RO          489    i.USBD_ParseSetupRequest  usbd_req.o
    0x08002f30   0x0000002e   Code   RO          454    i.USBD_Reset        usbd_core.o
    0x08002f5e   0x00000016   Code   RO          455    i.USBD_Resume       usbd_core.o
    0x08002f74   0x00000010   Code   RO          456    i.USBD_SOF          usbd_core.o
    0x08002f84   0x0000001a   Code   RO          457    i.USBD_SetCfg       usbd_core.o
    0x08002f9e   0x00000002   PAD
    0x08002fa0   0x00000074   Code   RO          490    i.USBD_SetConfig    usbd_req.o
    0x08003014   0x0000007c   Code   RO          491    i.USBD_SetFeature   usbd_req.o
    0x08003090   0x00000048   Code   RO          458    i.USBD_SetupStage   usbd_core.o
    0x080030d8   0x000000f0   Code   RO          492    i.USBD_StdDevReq    usbd_req.o
    0x080031c8   0x000000d4   Code   RO          493    i.USBD_StdEPReq     usbd_req.o
    0x0800329c   0x00000036   Code   RO          494    i.USBD_StdItfReq    usbd_req.o
    0x080032d2   0x0000001c   Code   RO          459    i.USBD_Suspend      usbd_core.o
    0x080032ee   0x00000002   PAD
    0x080032f0   0x00000020   Code   RO          465    i.USBD_USR_ConfigStrDescriptor  usbd_desc.o
    0x08003310   0x0000000c   Code   RO          499    i.USBD_USR_DeviceConfigured  usbd_usr.o
    0x0800331c   0x0000000c   Code   RO          500    i.USBD_USR_DeviceConnected  usbd_usr.o
    0x08003328   0x0000000c   Code   RO          466    i.USBD_USR_DeviceDescriptor  usbd_desc.o
    0x08003334   0x0000000c   Code   RO          501    i.USBD_USR_DeviceDisconnected  usbd_usr.o
    0x08003340   0x0000000c   Code   RO          502    i.USBD_USR_DeviceReset  usbd_usr.o
    0x0800334c   0x0000000c   Code   RO          503    i.USBD_USR_DeviceResumed  usbd_usr.o
    0x08003358   0x0000000c   Code   RO          504    i.USBD_USR_DeviceSuspended  usbd_usr.o
    0x08003364   0x0000000c   Code   RO          505    i.USBD_USR_Init     usbd_usr.o
    0x08003370   0x00000024   Code   RO          467    i.USBD_USR_InterfaceStrDescriptor  usbd_desc.o
    0x08003394   0x0000000c   Code   RO          468    i.USBD_USR_LangIDStrDescriptor  usbd_desc.o
    0x080033a0   0x00000028   Code   RO          469    i.USBD_USR_ManufacturerStrDescriptor  usbd_desc.o
    0x080033c8   0x00000038   Code   RO          470    i.USBD_USR_ProductStrDescriptor  usbd_desc.o
    0x08003400   0x00000024   Code   RO          471    i.USBD_USR_SerialStrDescriptor  usbd_desc.o
    0x08003424   0x0000000c   Code   RO          424    i.USBD_cdc_GetCfgDesc  usbd_cdc_core.o
    0x08003430   0x0000000c   Code   RO          425    i.USBD_cdc_GetOtherCfgDesc  usbd_cdc_core.o
    0x0800343c   0x00000068   Code   RO          354    i.USB_OTG_BSP_EnableInterrupt  usb_bsp.o
    0x080034a4   0x0000005c   Code   RO          355    i.USB_OTG_BSP_Init  usb_bsp.o
    0x08003500   0x0000000a   Code   RO          356    i.USB_OTG_BSP_mDelay  usb_bsp.o
    0x0800350a   0x00000016   Code   RO          357    i.USB_OTG_BSP_uDelay  usb_bsp.o
    0x08003520   0x00000080   Code   RO          361    i.USB_OTG_CoreInit  usb_core.o
    0x080035a0   0x00000160   Code   RO          362    i.USB_OTG_CoreInitDev  usb_core.o
    0x08003700   0x00000058   Code   RO          363    i.USB_OTG_CoreReset  usb_core.o
    0x08003758   0x00000010   Code   RO          364    i.USB_OTG_DisableGlobalInt  usb_core.o
    0x08003768   0x0000003a   Code   RO          365    i.USB_OTG_EP0Activate  usb_core.o
    0x080037a2   0x00000002   PAD
    0x080037a4   0x000000b6   Code   RO          366    i.USB_OTG_EP0StartXfer  usb_core.o
    0x0800385a   0x00000002   PAD
    0x0800385c   0x00000024   Code   RO          367    i.USB_OTG_EP0_OutStart  usb_core.o
    0x08003880   0x00000068   Code   RO          368    i.USB_OTG_EPActivate  usb_core.o
    0x080038e8   0x00000032   Code   RO          369    i.USB_OTG_EPClearStall  usb_core.o
    0x0800391a   0x0000004e   Code   RO          370    i.USB_OTG_EPDeactivate  usb_core.o
    0x08003968   0x00000030   Code   RO          371    i.USB_OTG_EPSetStall  usb_core.o
    0x08003998   0x00000120   Code   RO          372    i.USB_OTG_EPStartXfer  usb_core.o
    0x08003ab8   0x00000048   Code   RO          373    i.USB_OTG_EnableDevInt  usb_core.o
    0x08003b00   0x00000010   Code   RO          374    i.USB_OTG_EnableGlobalInt  usb_core.o
    0x08003b10   0x00000038   Code   RO          375    i.USB_OTG_FlushRxFifo  usb_core.o
    0x08003b48   0x00000040   Code   RO          376    i.USB_OTG_FlushTxFifo  usb_core.o
    0x08003b88   0x00000026   Code   RO          377    i.USB_OTG_GetDeviceSpeed  usb_core.o
    0x08003bae   0x0000000c   Code   RO          380    i.USB_OTG_InitDevSpeed  usb_core.o
    0x08003bba   0x00000012   Code   RO          381    i.USB_OTG_IsDeviceMode  usb_core.o
    0x08003bcc   0x0000000a   Code   RO          383    i.USB_OTG_ReadCoreItr  usb_core.o
    0x08003bd6   0x0000000c   Code   RO          384    i.USB_OTG_ReadDevAllInEPItr  usb_core.o
    0x08003be2   0x0000000c   Code   RO          385    i.USB_OTG_ReadDevAllOutEp_itr  usb_core.o
    0x08003bee   0x00000010   Code   RO          386    i.USB_OTG_ReadDevOutEP_itr  usb_core.o
    0x08003bfe   0x00000020   Code   RO          388    i.USB_OTG_ReadPacket  usb_core.o
    0x08003c1e   0x00000002   PAD
    0x08003c20   0x000000c4   Code   RO          389    i.USB_OTG_SelectCore  usb_core.o
    0x08003ce4   0x0000002a   Code   RO          390    i.USB_OTG_SetCurrentMode  usb_core.o
    0x08003d0e   0x00000028   Code   RO          394    i.USB_OTG_WritePacket  usb_core.o
    0x08003d36   0x00000002   Code   RO          347    i.UsageFault_Handler  stm32f4xx_it.o
    0x08003d38   0x00000054   Code   RO          438    i.VCP_Ctrl          usbd_cdc_vcp.o
    0x08003d8c   0x0000001a   Code   RO          439    i.VCP_DataRx        usbd_cdc_vcp.o
    0x08003da6   0x00000002   PAD
    0x08003da8   0x00000034   Code   RO          440    i.VCP_DataTx        usbd_cdc_vcp.o
    0x08003ddc   0x00000004   Code   RO          441    i.VCP_DeInit        usbd_cdc_vcp.o
    0x08003de0   0x00000004   Code   RO          442    i.VCP_Init          usbd_cdc_vcp.o
    0x08003de4   0x00000028   Code   RO          636    i.__0sprintf        mc_w.l(printfa.o)
    0x08003e0c   0x0000000e   Code   RO          684    i.__scatterload_copy  mc_w.l(handlers.o)
    0x08003e1a   0x00000002   Code   RO          685    i.__scatterload_null  mc_w.l(handlers.o)
    0x08003e1c   0x0000000e   Code   RO          686    i.__scatterload_zeroinit  mc_w.l(handlers.o)
    0x08003e2a   0x00000002   PAD
    0x08003e2c   0x00000164   Code   RO          641    i._fp_digits        mc_w.l(printfa.o)
    0x08003f90   0x000006dc   Code   RO          642    i._printf_core      mc_w.l(printfa.o)
    0x0800466c   0x00000024   Code   RO          643    i._printf_post_padding  mc_w.l(printfa.o)
    0x08004690   0x0000002e   Code   RO          644    i._printf_pre_padding  mc_w.l(printfa.o)
    0x080046be   0x0000000a   Code   RO          646    i._sputc            mc_w.l(printfa.o)
    0x080046c8   0x00000012   Code   RO          329    i.clearButtons      main.o
    0x080046da   0x00000002   PAD
    0x080046dc   0x00000068   Code   RO          330    i.displayInitialScreen  main.o
    0x08004744   0x00000054   Code   RO          331    i.dist2             main.o
    0x08004798   0x000000ec   Code   RO          332    i.distToSegmentSquared  main.o
    0x08004884   0x000000f0   Code   RO          333    i.findHits          main.o
    0x08004974   0x000001e4   Code   RO          334    i.main              main.o
    0x08004b58   0x0000001c   Code   RO          335    i.sendStringViaUSB  main.o
    0x08004b74   0x00000014   Code   RO          336    i.sqr               main.o
    0x08004b88   0x00000048   Code   RO          426    i.usbd_cdc_DataIn   usbd_cdc_core.o
    0x08004bd0   0x00000034   Code   RO          427    i.usbd_cdc_DataOut  usbd_cdc_core.o
    0x08004c04   0x00000028   Code   RO          428    i.usbd_cdc_DeInit   usbd_cdc_core.o
    0x08004c2c   0x00000028   Code   RO          429    i.usbd_cdc_EP0_RxReady  usbd_cdc_core.o
    0x08004c54   0x00000054   Code   RO          430    i.usbd_cdc_Init     usbd_cdc_core.o
    0x08004ca8   0x00000020   Code   RO          431    i.usbd_cdc_SOF      usbd_cdc_core.o
    0x08004cc8   0x000000b4   Code   RO          432    i.usbd_cdc_Setup    usbd_cdc_core.o
    0x08004d7c   0x00000d5c   Data   RO          322    .constdata          tm_stm32f4_fonts.o
    0x08005ad8   0x00000020   Data   RO          682    Region$$Table       anon$$obj.o


    Execution Region RW_IRAM1 (Base: 0x20000000, Size: 0x000015a8, Max: 0x00020000, ABSOLUTE, COMPRESSED[0x0000010c])

    Base Addr    Size         Type   Attr      Idx    E Section Name        Object

    0x20000000   0x00000014   Data   RW            6    .data               system_stm32f4xx.o
    0x20000014   0x00000010   Data   RW           68    .data               stm32f4xx_rcc.o
    0x20000024   0x00000010   Data   RW          249    .data               tm_stm32f4_delay.o
    0x20000034   0x0000000c   Data   RW          260    .data               tm_stm32f4_usb_vcp.o
    0x20000040   0x0000000a   Data   RW          289    .data               tm_stm32f4_ili9341.o
    0x2000004a   0x00000002   PAD
    0x2000004c   0x00000004   Data   RW          318    .data               tm_stm32f4_i2c.o
    0x20000050   0x00000008   Data   RW          325    .data               tm_stm32f4_fonts.o
    0x20000058   0x000000ae   Data   RW          434    .data               usbd_cdc_core.o
    0x20000106   0x00000002   PAD
    0x20000108   0x00000030   Data   RW          435    .data               usbd_cdc_core.o
    0x20000138   0x00000008   Data   RW          443    .data               usbd_cdc_vcp.o
    0x20000140   0x00000014   Data   RW          444    .data               usbd_cdc_vcp.o
    0x20000154   0x0000002c   Data   RW          460    .data               usbd_core.o
    0x20000180   0x00000004   Data   RW          461    .data               usbd_core.o
    0x20000184   0x00000004   Data   RW          462    .data               usbd_core.o
    0x20000188   0x0000001c   Data   RW          472    .data               usbd_desc.o
    0x200001a4   0x00000016   Data   RW          473    .data               usbd_desc.o
    0x200001ba   0x0000000a   Data   RW          474    .data               usbd_desc.o
    0x200001c4   0x00000010   Data   RW          496    .data               usbd_req.o
    0x200001d4   0x00000001   Data   RW          507    .data               usbd_usr.o
    0x200001d5   0x00000003   PAD
    0x200001d8   0x0000001c   Data   RW          508    .data               usbd_usr.o
    0x200001f4   0x00000674   Zero   RW          259    .bss                tm_stm32f4_usb_vcp.o
    0x20000868   0x00000840   Zero   RW          433    .bss                usbd_cdc_core.o
    0x200010a8   0x000000ff   Zero   RW          495    .bss                usbd_req.o
    0x200011a7   0x00000001   PAD
    0x200011a8   0x00000400   Zero   RW          509    STACK               startup_stm32f40_41xxx.o


==============================================================================

Image component sizes


      Code (inc. data)   RO Data    RW Data    ZI Data      Debug   Object Name

      1214        206          0          0          0          0   main.o
       120         14          0          0          0          0   misc.o
        36          8        392          0       1024          0   startup_stm32f40_41xxx.o
        12          6          0          0          0          0   stm32f4xx_exti.o
       202          0          0          0          0          0   stm32f4xx_gpio.o
       356         10          0          0          0          0   stm32f4xx_i2c.o
        20          0          0          0          0          0   stm32f4xx_it.o
       328         42          0         16          0          0   stm32f4xx_rcc.o
       114          0          0          0          0          0   stm32f4xx_spi.o
       272         36          0         20          0          0   system_stm32f4xx.o
       152         26          0         16          0          0   tm_stm32f4_delay.o
         0          0       3420          8          0          0   tm_stm32f4_fonts.o
       966         80          0          4          0          0   tm_stm32f4_i2c.o
      2146         72          0         10          0          0   tm_stm32f4_ili9341.o
      1484         90          0          0          0          0   tm_stm32f4_spi.o
       662         18          0          0          0          0   tm_stm32f4_stmpe811.o
       124         28          0         12       1652          0   tm_stm32f4_usb_vcp.o
       272         24          0          0          0          0   usb_bsp.o
      2064         26          0          0          0          0   usb_core.o
       510          0          0          0          0          0   usb_dcd.o
      1414         52          0          0          0          0   usb_dcd_int.o
       628         78          0        222       2112          0   usbd_cdc_core.o
       170         16          0         28          0          0   usbd_cdc_vcp.o
       600          4          0         52          0          0   usbd_core.o
       224        128          0         60          0          0   usbd_desc.o
       168          0          0          0          0          0   usbd_ioreq.o
      1204         52          0         16        255          0   usbd_req.o
        84         28          0         29          0          0   usbd_usr.o

    ----------------------------------------------------------------------
     15578       1044       3844        500       5044          0   Object Totals
         0          0         32          0          0          0   (incl. Generated)
        32          0          0          7          1          0   (incl. Padding)

    ----------------------------------------------------------------------

      Code (inc. data)   RO Data    RW Data    ZI Data      Debug   Library Member Name

        86          0          0          0          0          0   __dczerorl2.o
         0          0          0          0          0          0   entry.o
         0          0          0          0          0          0   entry10a.o
         0          0          0          0          0          0   entry11a.o
         8          4          0          0          0          0   entry2.o
         4          0          0          0          0          0   entry5.o
         0          0          0          0          0          0   entry7b.o
         0          0          0          0          0          0   entry8b.o
         8          4          0          0          0          0   entry9a.o
        30          0          0          0          0          0   handlers.o
        36          8          0          0          0          0   init.o
         0          0          0          0          0          0   iusefp.o
        30          0          0          0          0          0   llshl.o
        36          0          0          0          0          0   llsshr.o
        32          0          0          0          0          0   llushr.o
      2244         86          0          0          0          0   printfa.o
        14          0          0          0          0          0   strlen.o
        44          0          0          0          0          0   uidiv.o
        98          0          0          0          0          0   uldiv.o
        40          2          0          0          0          0   cdcmple.o
        40          2          0          0          0          0   cdrcmple.o
       334          0          0          0          0          0   dadd.o
       222          0          0          0          0          0   ddiv.o
       182          0          0          0          0          0   depilogue.o
        62          0          0          0          0          0   dfixi.o
        48          0          0          0          0          0   dfixul.o
        34          0          0          0          0          0   dflti.o
       228          0          0          0          0          0   dmul.o

    ----------------------------------------------------------------------
      3866        106          0          0          0          0   Library Totals
         6          0          0          0          0          0   (incl. Padding)

    ----------------------------------------------------------------------

      Code (inc. data)   RO Data    RW Data    ZI Data      Debug   Library Name

      2670        102          0          0          0          0   mc_w.l
      1190          4          0          0          0          0   mf_w.l

    ----------------------------------------------------------------------
      3866        106          0          0          0          0   Library Totals

    ----------------------------------------------------------------------

==============================================================================


      Code (inc. data)   RO Data    RW Data    ZI Data      Debug   

     19444       1150       3844        500       5044          0   Grand Totals
     19444       1150       3844        268       5044          0   ELF Image Totals (compressed)
     19444       1150       3844        268          0          0   ROM Totals

==============================================================================

    Total RO  Size (Code + RO Data)                23288 (  22.74kB)
    Total RW  Size (RW Data + ZI Data)              5544 (   5.41kB)
    Total ROM Size (Code + RO Data + RW Data)      23556 (  23.00kB)

==============================================================================

