<html>
<body>
<pre>
<h1>µVision Build Log</h1>
<h2>Project:</h2>
F:\stm32f429\dw_99_lockscreen\MDK-ARM\project.uvproj
Project File Date:  08/22/2014

<h2>Output:</h2>
Build target 'STM32F407 VG'
compiling main.c...
linking...
Program Size: Code=19136 RO-data=424 RW-data=492 ZI-data=5044  
FromELF: creating hex file...
".\project.axf" - 0 Error(s), 0 Warning(s).
Load "F:\\stm32f429\\dw_99_lockscreen\\MDK-ARM\\project.axf" 
Erase Done.
Programming Done.
Verify OK.
Application running ...
